CCS PCM C Compiler, Version 5.051, 43599               02-Apr-26 00:08

               Filename:   D:\VI-XU-LY\LCD\REVIEW_1\Review_1.lst

               ROM used:   744 words (9%)
                           Largest free fragment is 2048
               RAM used:   10 (3%) at main() level
                           24 (7%) worst case
               Stack used: 5 locations
               Stack size: 8

*
0000:  MOVLW  02
0001:  MOVWF  0A
0002:  GOTO   21B
0003:  NOP
.................... #INCLUDE <16F887.H> 
.................... //////////// Standard Header file for the PIC16F887 device //////////////// 
.................... /////////////////////////////////////////////////////////////////////////// 
.................... ////        (C) Copyright 1996, 2014 Custom Computer Services          //// 
.................... //// This source code may only be used by licensed users of the CCS C  //// 
.................... //// compiler.  This source code may only be distributed to other      //// 
.................... //// licensed users of the CCS C compiler.  No other use, reproduction //// 
.................... //// or distribution is permitted without written permission.          //// 
.................... //// Derivative programs created using this software in object code    //// 
.................... //// form are not restricted in any way.                               //// 
.................... /////////////////////////////////////////////////////////////////////////// 
.................... #device PIC16F887 
0004:  BCF    0A.0
0005:  BCF    0A.1
0006:  BCF    0A.2
0007:  ADDWF  02,F
0008:  RETLW  C0
0009:  RETLW  F9
000A:  RETLW  A4
000B:  RETLW  B0
000C:  RETLW  99
000D:  RETLW  92
000E:  RETLW  82
000F:  RETLW  F8
0010:  RETLW  80
0011:  RETLW  90
0012:  DATA C3,20
0013:  DATA 49,10
0014:  DATA C4,20
0015:  DATA 54,1D
0016:  DATA 20,10
0017:  DATA 20,10
0018:  DATA A0,12
0019:  DATA 30,19
001A:  DATA 55,00
001B:  DATA C8,24
001C:  DATA 45,27
001D:  DATA 20,2A
001E:  DATA C1,24
001F:  DATA 3A,10
0020:  DATA 20,10
0021:  DATA 20,10
0022:  DATA 25,18
0023:  DATA B2,2A
0024:  DATA 00,00
*
017A:  MOVF   0B,W
017B:  MOVWF  25
017C:  BCF    0B.7
017D:  BSF    03.5
017E:  BSF    03.6
017F:  BSF    0C.7
0180:  BSF    0C.0
0181:  NOP
0182:  NOP
0183:  BCF    03.5
0184:  BCF    03.6
0185:  BTFSC  25.7
0186:  BSF    0B.7
0187:  BTFSC  03.0
0188:  GOTO   1B1
0189:  BSF    03.6
018A:  MOVF   0C,W
018B:  ANDLW  7F
018C:  BCF    03.6
018D:  MOVWF  25
018E:  BSF    03.6
018F:  MOVF   0D,W
0190:  BCF    03.6
0191:  MOVWF  26
0192:  BSF    03.6
0193:  MOVF   0F,W
0194:  BCF    03.6
0195:  MOVWF  27
0196:  MOVF   25,W
0197:  MOVWF  28
0198:  CALL   14E
0199:  MOVF   26,W
019A:  BSF    03.6
019B:  MOVWF  0D
019C:  BCF    03.6
019D:  MOVF   27,W
019E:  BSF    03.6
019F:  MOVWF  0F
01A0:  BCF    03.6
01A1:  MOVF   0B,W
01A2:  MOVWF  28
01A3:  BCF    0B.7
01A4:  BSF    03.5
01A5:  BSF    03.6
01A6:  BSF    0C.7
01A7:  BSF    0C.0
01A8:  NOP
01A9:  NOP
01AA:  BCF    03.5
01AB:  BCF    03.6
01AC:  BTFSC  28.7
01AD:  BSF    0B.7
01AE:  DECFSZ 24,F
01AF:  GOTO   1B1
01B0:  GOTO   1D0
01B1:  BSF    03.6
01B2:  RLF    0C,W
01B3:  RLF    0E,W
01B4:  ANDLW  7F
01B5:  BCF    03.6
01B6:  MOVWF  25
01B7:  BSF    03.6
01B8:  MOVF   0D,W
01B9:  BCF    03.6
01BA:  MOVWF  26
01BB:  BSF    03.6
01BC:  MOVF   0F,W
01BD:  BCF    03.6
01BE:  MOVWF  27
01BF:  MOVF   25,W
01C0:  MOVWF  28
01C1:  CALL   14E
01C2:  MOVF   26,W
01C3:  BSF    03.6
01C4:  MOVWF  0D
01C5:  BCF    03.6
01C6:  MOVF   27,W
01C7:  BSF    03.6
01C8:  MOVWF  0F
01C9:  INCF   0D,F
01CA:  BTFSC  03.2
01CB:  INCF   0F,F
01CC:  BCF    03.0
01CD:  BCF    03.6
01CE:  DECFSZ 24,F
01CF:  GOTO   17A
01D0:  RETURN
01D1:  MOVF   27,W
01D2:  CLRF   78
01D3:  SUBWF  26,W
01D4:  BTFSC  03.0
01D5:  GOTO   1D9
01D6:  MOVF   26,W
01D7:  MOVWF  77
01D8:  GOTO   1E5
01D9:  CLRF   77
01DA:  MOVLW  08
01DB:  MOVWF  28
01DC:  RLF    26,F
01DD:  RLF    77,F
01DE:  MOVF   27,W
01DF:  SUBWF  77,W
01E0:  BTFSC  03.0
01E1:  MOVWF  77
01E2:  RLF    78,F
01E3:  DECFSZ 28,F
01E4:  GOTO   1DC
01E5:  RETURN
01E6:  MOVF   78,W
01E7:  MOVF   24,W
01E8:  MOVWF  26
01E9:  MOVLW  64
01EA:  MOVWF  27
01EB:  CALL   1D1
01EC:  MOVF   77,W
01ED:  MOVWF  24
01EE:  MOVF   78,W
01EF:  MOVLW  30
01F0:  BTFSS  03.2
01F1:  GOTO   1F9
01F2:  BTFSS  25.1
01F3:  GOTO   200
01F4:  BTFSC  25.3
01F5:  GOTO   200
01F6:  BTFSC  25.4
01F7:  MOVLW  20
01F8:  GOTO   1FC
01F9:  BCF    25.3
01FA:  BCF    25.4
01FB:  BSF    25.0
01FC:  ADDWF  78,F
01FD:  MOVF   78,W
01FE:  MOVWF  28
01FF:  CALL   14E
0200:  MOVF   24,W
0201:  MOVWF  26
0202:  MOVLW  0A
0203:  MOVWF  27
0204:  CALL   1D1
0205:  MOVF   77,W
0206:  MOVWF  24
0207:  MOVF   78,W
0208:  MOVLW  30
0209:  BTFSS  03.2
020A:  GOTO   211
020B:  BTFSC  25.3
020C:  GOTO   215
020D:  BTFSS  25.0
020E:  GOTO   215
020F:  BTFSC  25.4
0210:  MOVLW  20
0211:  ADDWF  78,F
0212:  MOVF   78,W
0213:  MOVWF  28
0214:  CALL   14E
0215:  MOVLW  30
0216:  ADDWF  24,F
0217:  MOVF   24,W
0218:  MOVWF  28
0219:  CALL   14E
021A:  RETURN
....................  
.................... #list 
....................  
.................... #FUSES HS, PUT, NOWDT, NOLVP, NOPROTECT 
.................... #USE DELAY(CLOCK=20M) 
*
0025:  MOVLW  29
0026:  MOVWF  04
0027:  BCF    03.7
0028:  MOVF   00,W
0029:  BTFSC  03.2
002A:  GOTO   038
002B:  MOVLW  06
002C:  MOVWF  78
002D:  CLRF   77
002E:  DECFSZ 77,F
002F:  GOTO   02E
0030:  DECFSZ 78,F
0031:  GOTO   02D
0032:  MOVLW  7B
0033:  MOVWF  77
0034:  DECFSZ 77,F
0035:  GOTO   034
0036:  DECFSZ 00,F
0037:  GOTO   02B
0038:  RETURN
....................  
.................... #define LCD_ENABLE_PIN  PIN_D0 
.................... #define LCD_RS_PIN      PIN_D1 
.................... #define LCD_RW_PIN      PIN_D2 
.................... #define LCD_DATA4       PIN_D4 
.................... #define LCD_DATA5       PIN_D5 
.................... #define LCD_DATA6       PIN_D6 
.................... #define LCD_DATA7       PIN_D7 
.................... #define ON_OFF          PIN_E0 
.................... #define ADJ             PIN_E1 
....................  
.................... #INCLUDE <LCD.C> 
.................... /////////////////////////////////////////////////////////////////////////////// 
.................... ////                             LCD.C                                     //// 
.................... ////                 Driver for common LCD modules                         //// 
.................... ////                                                                       //// 
.................... ////  lcd_init()   Must be called before any other function.               //// 
.................... ////                                                                       //// 
.................... ////  lcd_putc(c)  Will display c on the next position of the LCD.         //// 
.................... ////                 \a  Set cursor position to upper left                 //// 
.................... ////                 \f  Clear display, set cursor to upper left           //// 
.................... ////                 \n  Go to start of second line                        //// 
.................... ////                 \b  Move back one position                            //// 
.................... ////              If LCD_EXTENDED_NEWLINE is defined, the \n character     //// 
.................... ////              will erase all remanining characters on the current      //// 
.................... ////              line, and move the cursor to the beginning of the next   //// 
.................... ////              line.                                                    //// 
.................... ////              If LCD_EXTENDED_NEWLINE is defined, the \r character     //// 
.................... ////              will move the cursor to the start of the current         //// 
.................... ////              line.                                                    //// 
.................... ////                                                                       //// 
.................... ////  lcd_gotoxy(x,y) Set write position on LCD (upper left is 1,1)        //// 
.................... ////                                                                       //// 
.................... ////  lcd_getc(x,y)   Returns character at position x,y on LCD             //// 
.................... ////                                                                       //// 
.................... ////  lcd_cursor_on(int1 on)   Turn the cursor on (on=TRUE) or off         //// 
.................... ////              (on=FALSE).                                              //// 
.................... ////                                                                       //// 
.................... ////  lcd_set_cgram_char(w, *p)   Write a custom character to the CGRAM.   //// 
.................... ////                                                                       //// 
.................... ////                                                                       //// 
.................... ////  CONFIGURATION                                                        //// 
.................... ////  The LCD can be configured in one of two ways: a.) port access or     //// 
.................... ////  b.) pin access.  Port access requires the entire 7 bit interface     //// 
.................... ////  connected to one GPIO port, and the data bits (D4:D7 of the LCD)     //// 
.................... ////  connected to sequential pins on the GPIO.  Pin access                //// 
.................... ////  has no requirements, all 7 bits of the control interface can         //// 
.................... ////  can be connected to any GPIO using several ports.                    //// 
.................... ////                                                                       //// 
.................... ////  To use port access, #define LCD_DATA_PORT to the SFR location of     //// 
.................... ////  of the GPIO port that holds the interface, -AND- edit LCD_PIN_MAP    //// 
.................... ////  of this file to configure the pin order.  If you are using a         //// 
.................... ////  baseline PIC (PCB), then LCD_OUTPUT_MAP and LCD_INPUT_MAP also must  //// 
.................... ////  be defined.                                                          //// 
.................... ////                                                                       //// 
.................... ////  Example of port access:                                              //// 
.................... ////     #define LCD_DATA_PORT getenv("SFR:PORTD")                         //// 
.................... ////                                                                       //// 
.................... ////  To use pin access, the following pins must be defined:               //// 
.................... ////     LCD_ENABLE_PIN                                                    //// 
.................... ////     LCD_RS_PIN                                                        //// 
.................... ////     LCD_RW_PIN                                                        //// 
.................... ////     LCD_DATA4                                                         //// 
.................... ////     LCD_DATA5                                                         //// 
.................... ////     LCD_DATA6                                                         //// 
.................... ////     LCD_DATA7                                                         //// 
.................... ////                                                                       //// 
.................... ////  Example of pin access:                                               //// 
.................... ////     #define LCD_ENABLE_PIN  PIN_E0                                    //// 
.................... ////     #define LCD_RS_PIN      PIN_E1                                    //// 
.................... ////     #define LCD_RW_PIN      PIN_E2                                    //// 
.................... ////     #define LCD_DATA4       PIN_D4                                    //// 
.................... ////     #define LCD_DATA5       PIN_D5                                    //// 
.................... ////     #define LCD_DATA6       PIN_D6                                    //// 
.................... ////     #define LCD_DATA7       PIN_D7                                    //// 
.................... ////                                                                       //// 
.................... /////////////////////////////////////////////////////////////////////////////// 
.................... ////        (C) Copyright 1996,2010 Custom Computer Services           //// 
.................... //// This source code may only be used by licensed users of the CCS C  //// 
.................... //// compiler.  This source code may only be distributed to other      //// 
.................... //// licensed users of the CCS C compiler.  No other use, reproduction //// 
.................... //// or distribution is permitted without written permission.          //// 
.................... //// Derivative programs created using this software in object code    //// 
.................... //// form are not restricted in any way.                               //// 
.................... /////////////////////////////////////////////////////////////////////////// 
....................  
.................... #ifndef __LCD_C__ 
.................... #define __LCD_C__ 
....................  
.................... // define the pinout. 
.................... // only required if port access is being used. 
.................... typedef struct   
.................... {                            // This structure is overlayed 
....................    int1 enable;           // on to an I/O port to gain 
....................    int1 rs;               // access to the LCD pins. 
....................    int1 rw;               // The bits are allocated from 
....................    int1 unused;           // low order up.  ENABLE will 
....................    unsigned int     data : 4;         // be LSB pin of that port. 
....................   #if defined(__PCD__)       // The port used will be LCD_DATA_PORT. 
....................    unsigned int    reserved: 8; 
....................   #endif 
.................... } LCD_PIN_MAP; 
....................  
.................... // this is to improve compatability with previous LCD drivers that accepted 
.................... // a define labeled 'use_portb_lcd' that configured the LCD onto port B. 
.................... #if ((defined(use_portb_lcd)) && (use_portb_lcd==TRUE)) 
....................  #define LCD_DATA_PORT getenv("SFR:PORTB") 
.................... #endif 
....................  
.................... #if defined(__PCB__) 
....................    // these definitions only need to be modified for baseline PICs. 
....................    // all other PICs use LCD_PIN_MAP or individual LCD_xxx pin definitions. 
.................... /*                                    EN, RS,   RW,   UNUSED,  DATA  */ 
....................  const LCD_PIN_MAP LCD_OUTPUT_MAP =  {0,  0,    0,    0,       0}; 
....................  const LCD_PIN_MAP LCD_INPUT_MAP =   {0,  0,    0,    0,       0xF}; 
.................... #endif 
....................  
.................... ////////////////////// END CONFIGURATION /////////////////////////////////// 
....................  
.................... #ifndef LCD_ENABLE_PIN 
....................    #define lcd_output_enable(x) lcdlat.enable=x 
....................    #define lcd_enable_tris()   lcdtris.enable=0 
.................... #else 
....................    #define lcd_output_enable(x) output_bit(LCD_ENABLE_PIN, x) 
....................    #define lcd_enable_tris()  output_drive(LCD_ENABLE_PIN) 
.................... #endif 
....................  
.................... #ifndef LCD_RS_PIN 
....................    #define lcd_output_rs(x) lcdlat.rs=x 
....................    #define lcd_rs_tris()   lcdtris.rs=0 
.................... #else 
....................    #define lcd_output_rs(x) output_bit(LCD_RS_PIN, x) 
....................    #define lcd_rs_tris()  output_drive(LCD_RS_PIN) 
.................... #endif 
....................  
.................... #ifndef LCD_RW_PIN 
....................    #define lcd_output_rw(x) lcdlat.rw=x 
....................    #define lcd_rw_tris()   lcdtris.rw=0 
.................... #else 
....................    #define lcd_output_rw(x) output_bit(LCD_RW_PIN, x) 
....................    #define lcd_rw_tris()  output_drive(LCD_RW_PIN) 
.................... #endif 
....................  
.................... // original version of this library incorrectly labeled LCD_DATA0 as LCD_DATA4, 
.................... // LCD_DATA1 as LCD_DATA5, and so on.  this block of code makes the driver 
.................... // compatible with any code written for the original library 
.................... #if (defined(LCD_DATA0) && defined(LCD_DATA1) && defined(LCD_DATA2) && defined(LCD_DATA3) && !defined(LCD_DATA4) && !defined(LCD_DATA5) && !defined(LCD_DATA6) && !defined(LCD_DATA7)) 
....................    #define  LCD_DATA4    LCD_DATA0 
....................    #define  LCD_DATA5    LCD_DATA1 
....................    #define  LCD_DATA6    LCD_DATA2 
....................    #define  LCD_DATA7    LCD_DATA3 
.................... #endif 
....................  
.................... #ifndef LCD_DATA4 
.................... #ifndef LCD_DATA_PORT 
....................    #if defined(__PCB__) 
....................       #define LCD_DATA_PORT      0x06     //portb 
....................       #define set_tris_lcd(x)   set_tris_b(x) 
....................    #else 
....................      #if defined(PIN_D0) 
....................       #define LCD_DATA_PORT      getenv("SFR:PORTD")     //portd 
....................      #else 
....................       #define LCD_DATA_PORT      getenv("SFR:PORTB")     //portb 
....................      #endif 
....................    #endif    
.................... #endif 
....................  
.................... #if defined(__PCB__) 
....................    LCD_PIN_MAP lcd, lcdlat; 
....................    #byte lcd = LCD_DATA_PORT 
....................    #byte lcdlat = LCD_DATA_PORT 
.................... #elif defined(__PCM__) 
....................    LCD_PIN_MAP lcd, lcdlat, lcdtris; 
....................    #byte lcd = LCD_DATA_PORT 
....................    #byte lcdlat = LCD_DATA_PORT 
....................    #byte lcdtris = LCD_DATA_PORT+0x80 
.................... #elif defined(__PCH__) 
....................    LCD_PIN_MAP lcd, lcdlat, lcdtris; 
....................    #byte lcd = LCD_DATA_PORT 
....................    #byte lcdlat = LCD_DATA_PORT+9 
....................    #byte lcdtris = LCD_DATA_PORT+0x12 
.................... #elif defined(__PCD__) 
....................    LCD_PIN_MAP lcd, lcdlat, lcdtris; 
....................    #word lcd = LCD_DATA_PORT 
....................    #word lcdlat = LCD_DATA_PORT+2 
....................    #word lcdtris = LCD_DATA_PORT-0x02 
.................... #endif 
.................... #endif   //LCD_DATA4 not defined 
....................  
.................... #ifndef LCD_TYPE 
....................    #define LCD_TYPE 2           // 0=5x7, 1=5x10, 2=2 lines 
.................... #endif 
....................  
.................... #ifndef LCD_LINE_TWO 
....................    #define LCD_LINE_TWO 0x40    // LCD RAM address for the second line 
.................... #endif 
....................  
.................... #ifndef LCD_LINE_LENGTH 
....................    #define LCD_LINE_LENGTH 20 
.................... #endif 
....................  
.................... unsigned int8 lcd_read_nibble(void); 
....................  
.................... unsigned int8 lcd_read_byte(void) 
.................... { 
....................    unsigned int8 low,high; 
....................  
....................  #if defined(__PCB__) 
....................    set_tris_lcd(LCD_INPUT_MAP); 
....................  #else 
....................   #if (defined(LCD_DATA4) && defined(LCD_DATA5) && defined(LCD_DATA6) && defined(LCD_DATA7)) 
....................    output_float(LCD_DATA4); 
*
00A0:  BSF    08.4
....................    output_float(LCD_DATA5); 
00A1:  BSF    08.5
....................    output_float(LCD_DATA6); 
00A2:  BSF    08.6
....................    output_float(LCD_DATA7); 
00A3:  BSF    08.7
....................   #else 
....................    lcdtris.data = 0xF; 
....................   #endif 
....................  #endif 
....................          
....................    lcd_output_rw(1); 
00A4:  BCF    03.5
00A5:  BSF    08.2
00A6:  BSF    03.5
00A7:  BCF    08.2
....................    delay_cycles(1); 
00A8:  NOP
....................    lcd_output_enable(1); 
00A9:  BCF    03.5
00AA:  BSF    08.0
00AB:  BSF    03.5
00AC:  BCF    08.0
....................    delay_cycles(1); 
00AD:  NOP
....................    high = lcd_read_nibble(); 
00AE:  BCF    03.5
00AF:  CALL   067
00B0:  MOVF   78,W
00B1:  MOVWF  30
....................        
....................    lcd_output_enable(0); 
00B2:  BCF    08.0
00B3:  BSF    03.5
00B4:  BCF    08.0
....................    delay_cycles(1); 
00B5:  NOP
....................    lcd_output_enable(1); 
00B6:  BCF    03.5
00B7:  BSF    08.0
00B8:  BSF    03.5
00B9:  BCF    08.0
....................    delay_us(1); 
00BA:  GOTO   0BB
00BB:  GOTO   0BC
00BC:  NOP
....................    low = lcd_read_nibble(); 
00BD:  BCF    03.5
00BE:  CALL   067
00BF:  MOVF   78,W
00C0:  MOVWF  2F
....................        
....................    lcd_output_enable(0); 
00C1:  BCF    08.0
00C2:  BSF    03.5
00C3:  BCF    08.0
....................  
....................  #if defined(__PCB__) 
....................    set_tris_lcd(LCD_OUTPUT_MAP); 
....................  #else 
....................   #if (defined(LCD_DATA4) && defined(LCD_DATA5) && defined(LCD_DATA6) && defined(LCD_DATA7)) 
....................    output_drive(LCD_DATA4); 
00C4:  BCF    08.4
....................    output_drive(LCD_DATA5); 
00C5:  BCF    08.5
....................    output_drive(LCD_DATA6); 
00C6:  BCF    08.6
....................    output_drive(LCD_DATA7); 
00C7:  BCF    08.7
....................   #else 
....................    lcdtris.data = 0x0; 
....................   #endif 
....................  #endif 
....................  
....................    return( (high<<4) | low); 
00C8:  BCF    03.5
00C9:  SWAPF  30,W
00CA:  MOVWF  77
00CB:  MOVLW  F0
00CC:  ANDWF  77,F
00CD:  MOVF   77,W
00CE:  IORWF  2F,W
00CF:  MOVWF  78
.................... } 
....................  
.................... unsigned int8 lcd_read_nibble(void) 
.................... { 
....................   #if (defined(LCD_DATA4) && defined(LCD_DATA5) && defined(LCD_DATA6) && defined(LCD_DATA7)) 
*
0067:  CLRF   31
....................    unsigned int8 n = 0x00; 
....................  
....................    /* Read the data port */ 
....................    n |= input(LCD_DATA4); 
0068:  BSF    03.5
0069:  BSF    08.4
006A:  MOVLW  00
006B:  BCF    03.5
006C:  BTFSC  08.4
006D:  MOVLW  01
006E:  IORWF  31,F
....................    n |= input(LCD_DATA5) << 1; 
006F:  BSF    03.5
0070:  BSF    08.5
0071:  MOVLW  00
0072:  BCF    03.5
0073:  BTFSC  08.5
0074:  MOVLW  01
0075:  MOVWF  77
0076:  BCF    03.0
0077:  RLF    77,F
0078:  MOVF   77,W
0079:  IORWF  31,F
....................    n |= input(LCD_DATA6) << 2; 
007A:  BSF    03.5
007B:  BSF    08.6
007C:  MOVLW  00
007D:  BCF    03.5
007E:  BTFSC  08.6
007F:  MOVLW  01
0080:  MOVWF  77
0081:  RLF    77,F
0082:  RLF    77,F
0083:  MOVLW  FC
0084:  ANDWF  77,F
0085:  MOVF   77,W
0086:  IORWF  31,F
....................    n |= input(LCD_DATA7) << 3; 
0087:  BSF    03.5
0088:  BSF    08.7
0089:  MOVLW  00
008A:  BCF    03.5
008B:  BTFSC  08.7
008C:  MOVLW  01
008D:  MOVWF  77
008E:  RLF    77,F
008F:  RLF    77,F
0090:  RLF    77,F
0091:  MOVLW  F8
0092:  ANDWF  77,F
0093:  MOVF   77,W
0094:  IORWF  31,F
....................     
....................    return(n); 
0095:  MOVF   31,W
0096:  MOVWF  78
....................   #else 
0097:  RETURN
....................    return(lcd.data); 
....................   #endif 
.................... } 
....................  
.................... void lcd_send_nibble(unsigned int8 n) 
.................... { 
....................   #if (defined(LCD_DATA4) && defined(LCD_DATA5) && defined(LCD_DATA6) && defined(LCD_DATA7)) 
....................    /* Write to the data port */ 
....................    output_bit(LCD_DATA4, bit_test(n, 0)); 
*
0039:  BTFSC  30.0
003A:  GOTO   03D
003B:  BCF    08.4
003C:  GOTO   03E
003D:  BSF    08.4
003E:  BSF    03.5
003F:  BCF    08.4
....................    output_bit(LCD_DATA5, bit_test(n, 1)); 
0040:  BCF    03.5
0041:  BTFSC  30.1
0042:  GOTO   045
0043:  BCF    08.5
0044:  GOTO   046
0045:  BSF    08.5
0046:  BSF    03.5
0047:  BCF    08.5
....................    output_bit(LCD_DATA6, bit_test(n, 2)); 
0048:  BCF    03.5
0049:  BTFSC  30.2
004A:  GOTO   04D
004B:  BCF    08.6
004C:  GOTO   04E
004D:  BSF    08.6
004E:  BSF    03.5
004F:  BCF    08.6
....................    output_bit(LCD_DATA7, bit_test(n, 3)); 
0050:  BCF    03.5
0051:  BTFSC  30.3
0052:  GOTO   055
0053:  BCF    08.7
0054:  GOTO   056
0055:  BSF    08.7
0056:  BSF    03.5
0057:  BCF    08.7
....................   #else       
....................    lcdlat.data = n; 
....................   #endif 
....................        
....................    delay_cycles(1); 
0058:  NOP
....................    lcd_output_enable(1); 
0059:  BCF    03.5
005A:  BSF    08.0
005B:  BSF    03.5
005C:  BCF    08.0
....................    delay_us(2); 
005D:  MOVLW  03
005E:  MOVWF  77
005F:  DECFSZ 77,F
0060:  GOTO   05F
....................    lcd_output_enable(0); 
0061:  BCF    03.5
0062:  BCF    08.0
0063:  BSF    03.5
0064:  BCF    08.0
0065:  BCF    03.5
0066:  RETURN
.................... } 
....................  
.................... void lcd_send_byte(unsigned int8 address, unsigned int8 n) 
.................... { 
....................   #if defined(__PCB__) 
....................    set_tris_lcd(LCD_OUTPUT_MAP); 
....................   #else 
....................    lcd_enable_tris(); 
*
0098:  BSF    03.5
0099:  BCF    08.0
....................    lcd_rs_tris(); 
009A:  BCF    08.1
....................    lcd_rw_tris(); 
009B:  BCF    08.2
....................   #endif 
....................  
....................    lcd_output_rs(0); 
009C:  BCF    03.5
009D:  BCF    08.1
009E:  BSF    03.5
009F:  BCF    08.1
....................    while ( bit_test(lcd_read_byte(),7) ) ; 
*
00D0:  MOVF   78,W
00D1:  MOVWF  2F
00D2:  BTFSS  2F.7
00D3:  GOTO   0D6
00D4:  BSF    03.5
00D5:  GOTO   0A0
....................    lcd_output_rs(address); 
00D6:  MOVF   2D,F
00D7:  BTFSS  03.2
00D8:  GOTO   0DB
00D9:  BCF    08.1
00DA:  GOTO   0DC
00DB:  BSF    08.1
00DC:  BSF    03.5
00DD:  BCF    08.1
....................    delay_cycles(1); 
00DE:  NOP
....................    lcd_output_rw(0); 
00DF:  BCF    03.5
00E0:  BCF    08.2
00E1:  BSF    03.5
00E2:  BCF    08.2
....................    delay_cycles(1); 
00E3:  NOP
....................    lcd_output_enable(0); 
00E4:  BCF    03.5
00E5:  BCF    08.0
00E6:  BSF    03.5
00E7:  BCF    08.0
....................    lcd_send_nibble(n >> 4); 
00E8:  BCF    03.5
00E9:  SWAPF  2E,W
00EA:  MOVWF  2F
00EB:  MOVLW  0F
00EC:  ANDWF  2F,F
00ED:  MOVF   2F,W
00EE:  MOVWF  30
00EF:  CALL   039
....................    lcd_send_nibble(n & 0xf); 
00F0:  MOVF   2E,W
00F1:  ANDLW  0F
00F2:  MOVWF  2F
00F3:  MOVWF  30
00F4:  CALL   039
00F5:  RETURN
.................... } 
....................  
.................... #if defined(LCD_EXTENDED_NEWLINE) 
.................... unsigned int8 g_LcdX, g_LcdY; 
.................... #endif 
....................  
.................... void lcd_init(void)  
.................... { 
....................    unsigned int8 i; 
....................    unsigned int8 LCD_INIT_STRING[4] = {0x20 | (LCD_TYPE << 2), 0xc, 1, 6}; 
00F6:  MOVLW  28
00F7:  MOVWF  25
00F8:  MOVLW  0C
00F9:  MOVWF  26
00FA:  MOVLW  01
00FB:  MOVWF  27
00FC:  MOVLW  06
00FD:  MOVWF  28
....................                              // These bytes need to be sent to the LCD 
....................                              // to start it up. 
....................     
....................  
....................    lcd_output_enable(0); 
00FE:  BCF    08.0
00FF:  BSF    03.5
0100:  BCF    08.0
....................    lcd_output_rs(0); 
0101:  BCF    03.5
0102:  BCF    08.1
0103:  BSF    03.5
0104:  BCF    08.1
....................    lcd_output_rw(0); 
0105:  BCF    03.5
0106:  BCF    08.2
0107:  BSF    03.5
0108:  BCF    08.2
....................  
....................  #if defined(__PCB__) 
....................    set_tris_lcd(LCD_OUTPUT_MAP); 
....................  #else 
....................   #if (defined(LCD_DATA4) && defined(LCD_DATA5) && defined(LCD_DATA6) && defined(LCD_DATA7)) 
....................    output_drive(LCD_DATA4); 
0109:  BCF    08.4
....................    output_drive(LCD_DATA5); 
010A:  BCF    08.5
....................    output_drive(LCD_DATA6); 
010B:  BCF    08.6
....................    output_drive(LCD_DATA7); 
010C:  BCF    08.7
....................   #else 
....................    lcdtris.data = 0x0; 
....................   #endif 
....................    lcd_enable_tris(); 
010D:  BCF    08.0
....................    lcd_rs_tris(); 
010E:  BCF    08.1
....................    lcd_rw_tris(); 
010F:  BCF    08.2
....................  #endif 
....................      
....................    delay_ms(15); 
0110:  MOVLW  0F
0111:  BCF    03.5
0112:  MOVWF  29
0113:  CALL   025
....................    for(i=1;i<=3;++i) 
0114:  MOVLW  01
0115:  MOVWF  24
0116:  MOVF   24,W
0117:  SUBLW  03
0118:  BTFSS  03.0
0119:  GOTO   122
....................    { 
....................        lcd_send_nibble(3); 
011A:  MOVLW  03
011B:  MOVWF  30
011C:  CALL   039
....................        delay_ms(5); 
011D:  MOVLW  05
011E:  MOVWF  29
011F:  CALL   025
0120:  INCF   24,F
0121:  GOTO   116
....................    } 
....................     
....................    lcd_send_nibble(2); 
0122:  MOVLW  02
0123:  MOVWF  30
0124:  CALL   039
....................    delay_ms(5); 
0125:  MOVLW  05
0126:  MOVWF  29
0127:  CALL   025
....................    for(i=0;i<=3;++i) 
0128:  CLRF   24
0129:  MOVF   24,W
012A:  SUBLW  03
012B:  BTFSS  03.0
012C:  GOTO   139
....................       lcd_send_byte(0,LCD_INIT_STRING[i]); 
012D:  MOVLW  25
012E:  ADDWF  24,W
012F:  MOVWF  04
0130:  BCF    03.7
0131:  MOVF   00,W
0132:  MOVWF  29
0133:  CLRF   2D
0134:  MOVF   29,W
0135:  MOVWF  2E
0136:  CALL   098
....................  
....................   #if defined(LCD_EXTENDED_NEWLINE) 
0137:  INCF   24,F
0138:  GOTO   129
0139:  BCF    0A.3
013A:  BCF    0A.4
013B:  GOTO   251 (RETURN)
....................    g_LcdX = 0; 
....................    g_LcdY = 0; 
....................   #endif 
.................... } 
....................  
.................... void lcd_gotoxy(unsigned int8 x, unsigned int8 y) 
.................... { 
....................    unsigned int8 address; 
....................     
....................    if(y!=1) 
013C:  DECFSZ 2A,W
013D:  GOTO   13F
013E:  GOTO   142
....................       address=LCD_LINE_TWO; 
013F:  MOVLW  40
0140:  MOVWF  2B
0141:  GOTO   143
....................    else 
....................       address=0; 
0142:  CLRF   2B
....................       
....................    address+=x-1; 
0143:  MOVLW  01
0144:  SUBWF  29,W
0145:  ADDWF  2B,F
....................    lcd_send_byte(0,0x80|address); 
0146:  MOVF   2B,W
0147:  IORLW  80
0148:  MOVWF  2C
0149:  CLRF   2D
014A:  MOVF   2C,W
014B:  MOVWF  2E
014C:  CALL   098
....................  
....................   #if defined(LCD_EXTENDED_NEWLINE) 
014D:  RETURN
....................    g_LcdX = x - 1; 
....................    g_LcdY = y - 1; 
....................   #endif 
.................... } 
....................  
.................... void lcd_putc(char c) 
.................... { 
....................    switch (c) 
014E:  MOVF   28,W
014F:  XORLW  07
0150:  BTFSC  03.2
0151:  GOTO   15C
0152:  XORLW  0B
0153:  BTFSC  03.2
0154:  GOTO   161
0155:  XORLW  06
0156:  BTFSC  03.2
0157:  GOTO   169
0158:  XORLW  02
0159:  BTFSC  03.2
015A:  GOTO   16F
015B:  GOTO   174
....................    { 
....................       case '\a'   :  lcd_gotoxy(1,1);     break; 
015C:  MOVLW  01
015D:  MOVWF  29
015E:  MOVWF  2A
015F:  CALL   13C
0160:  GOTO   179
....................  
....................       case '\f'   :  lcd_send_byte(0,1); 
0161:  CLRF   2D
0162:  MOVLW  01
0163:  MOVWF  2E
0164:  CALL   098
....................                      delay_ms(2); 
0165:  MOVLW  02
0166:  MOVWF  29
0167:  CALL   025
....................                     #if defined(LCD_EXTENDED_NEWLINE) 
....................                      g_LcdX = 0; 
....................                      g_LcdY = 0; 
....................                     #endif 
....................                      break; 
0168:  GOTO   179
....................  
....................      #if defined(LCD_EXTENDED_NEWLINE) 
....................       case '\r'   :  lcd_gotoxy(1, g_LcdY+1);   break; 
....................       case '\n'   : 
....................          while (g_LcdX++ < LCD_LINE_LENGTH) 
....................          { 
....................             lcd_send_byte(1, ' '); 
....................          } 
....................          lcd_gotoxy(1, g_LcdY+2); 
....................          break; 
....................      #else 
....................       case '\n'   : lcd_gotoxy(1,2);        break; 
0169:  MOVLW  01
016A:  MOVWF  29
016B:  MOVLW  02
016C:  MOVWF  2A
016D:  CALL   13C
016E:  GOTO   179
....................      #endif 
....................       
....................       case '\b'   : lcd_send_byte(0,0x10);  break; 
016F:  CLRF   2D
0170:  MOVLW  10
0171:  MOVWF  2E
0172:  CALL   098
0173:  GOTO   179
....................       
....................      #if defined(LCD_EXTENDED_NEWLINE) 
....................       default     :  
....................          if (g_LcdX < LCD_LINE_LENGTH) 
....................          { 
....................             lcd_send_byte(1, c); 
....................             g_LcdX++; 
....................          } 
....................          break; 
....................      #else 
....................       default     : lcd_send_byte(1,c);     break; 
0174:  MOVLW  01
0175:  MOVWF  2D
0176:  MOVF   28,W
0177:  MOVWF  2E
0178:  CALL   098
....................      #endif 
....................    } 
0179:  RETURN
.................... } 
....................   
.................... char lcd_getc(unsigned int8 x, unsigned int8 y) 
.................... { 
....................    char value; 
....................  
....................    lcd_gotoxy(x,y); 
....................    while ( bit_test(lcd_read_byte(),7) ); // wait until busy flag is low 
....................    lcd_output_rs(1); 
....................    value = lcd_read_byte(); 
....................    lcd_output_rs(0); 
....................     
....................    return(value); 
.................... } 
....................  
.................... // write a custom character to the ram 
.................... // which is 0-7 and specifies which character array we are modifying. 
.................... // ptr points to an array of 8 bytes, where each byte is the next row of 
.................... //    pixels.  only bits 0-4 are used.  the last row is the cursor row, and 
.................... //    usually you will want to leave this byte 0x00. 
.................... void lcd_set_cgram_char(unsigned int8 which, unsigned int8 *ptr) 
.................... { 
....................    unsigned int i; 
....................  
....................    which <<= 3; 
....................    which &= 0x38; 
....................  
....................    lcd_send_byte(0, 0x40 | which);  //set cgram address 
....................  
....................    for(i=0; i<8; i++) 
....................    { 
....................       lcd_send_byte(1, *ptr++); 
....................    } 
....................    
....................    #if defined(LCD_EXTENDED_NEWLINE) 
....................     lcd_gotoxy(g_LcdX+1, g_LcdY+1);  //set ddram address 
....................    #endif 
.................... } 
....................  
.................... void lcd_cursor_on(int1 on) 
.................... { 
....................    if (on) 
....................    { 
....................       lcd_send_byte(0,0x0F);           //turn LCD cursor ON 
....................    } 
....................    else 
....................    { 
....................       lcd_send_byte(0,0x0C);           //turn LCD cursor OFF 
....................    } 
.................... } 
....................  
.................... #endif 
....................  
....................  
.................... CONST UNSIGNED CHAR MA7DOAN[10] = {0xC0,0xF9,0xA4,0xB0,0x99,0x92,0x82,0xF8,0x80,0x90}; // mang led 7 doan 
....................  
.................... UNSIGNED INT1 STATUS = 1; // ON/OFF 
....................  
.................... UNSIGNED INT S_SET = 00; 
.................... UNSIGNED INT S_DIS = 00; 
....................  
.................... VOID MAIN(){ 
*
021B:  MOVF   03,W
021C:  ANDLW  1F
021D:  MOVWF  03
021E:  BSF    20.0
021F:  CLRF   21
0220:  CLRF   22
0221:  MOVLW  FF
0222:  MOVWF  23
0223:  BSF    03.5
0224:  BSF    03.6
0225:  MOVF   09,W
0226:  ANDLW  C0
0227:  MOVWF  09
0228:  BCF    03.6
0229:  BCF    1F.4
022A:  BCF    1F.5
022B:  MOVLW  00
022C:  BSF    03.6
022D:  MOVWF  08
022E:  BCF    03.5
022F:  CLRF   07
0230:  CLRF   08
0231:  CLRF   09
0232:  BCF    03.7
....................    SET_TRIS_A(0X00); 
0233:  MOVLW  00
0234:  BSF    03.5
0235:  BCF    03.6
0236:  MOVWF  05
....................    SET_TRIS_B(0X00); 
0237:  MOVWF  06
....................    SET_TRIS_C(0X00); 
0238:  MOVWF  07
0239:  BCF    03.5
023A:  MOVWF  23
....................    SET_TRIS_D(0X00); 
023B:  BSF    03.5
023C:  MOVWF  08
....................    SET_TRIS_E(0XFF); 
023D:  BSF    09.0
023E:  BSF    09.1
023F:  BSF    09.2
0240:  BSF    09.3
....................  
....................    OUTPUT_B(0XFF); 
0241:  CLRF   06
0242:  MOVLW  FF
0243:  BCF    03.5
0244:  MOVWF  06
....................    OUTPUT_C(0XFF); 
0245:  MOVLW  00
0246:  MOVWF  23
0247:  BSF    03.5
0248:  CLRF   07
0249:  MOVLW  FF
024A:  BCF    03.5
024B:  MOVWF  07
....................     
....................    OUTPUT_LOW(PIN_A0); 
024C:  BSF    03.5
024D:  BCF    05.0
024E:  BCF    03.5
024F:  BCF    05.0
....................     
....................    LCD_INIT(); 
0250:  GOTO   0F6
....................     
....................    WHILE(TRUE){ 
....................       LCD_GOTOXY(1,1); 
0251:  MOVLW  01
0252:  MOVWF  29
0253:  MOVWF  2A
0254:  CALL   13C
....................       PRINTF(LCD_PUTC, "CAI DAT:     %02U", S_SET); 
0255:  MOVLW  12
0256:  BSF    03.6
0257:  MOVWF  0D
0258:  MOVLW  00
0259:  MOVWF  0F
025A:  BCF    03.0
025B:  MOVLW  0D
025C:  BCF    03.6
025D:  MOVWF  24
025E:  CALL   17A
025F:  MOVF   21,W
0260:  MOVWF  24
0261:  MOVLW  01
0262:  MOVWF  25
0263:  CALL   1E6
....................       LCD_GOTOXY(1,2); 
0264:  MOVLW  01
0265:  MOVWF  29
0266:  MOVLW  02
0267:  MOVWF  2A
0268:  CALL   13C
....................       PRINTF(LCD_PUTC, "HIEN TAI:     %02U", S_DIS); 
0269:  MOVLW  1B
026A:  BSF    03.6
026B:  MOVWF  0D
026C:  MOVLW  00
026D:  MOVWF  0F
026E:  BCF    03.0
026F:  MOVLW  0E
0270:  BCF    03.6
0271:  MOVWF  24
0272:  CALL   17A
0273:  MOVF   22,W
0274:  MOVWF  24
0275:  MOVLW  01
0276:  MOVWF  25
0277:  CALL   1E6
....................        
....................       OUTPUT_B(MA7DOAN[S_SET/10]); 
0278:  MOVF   21,W
0279:  MOVWF  26
027A:  MOVLW  0A
027B:  MOVWF  27
027C:  CALL   1D1
027D:  MOVF   78,W
027E:  CALL   004
027F:  MOVWF  24
0280:  BSF    03.5
0281:  CLRF   06
0282:  BCF    03.5
0283:  MOVF   24,W
0284:  MOVWF  06
....................       OUTPUT_C(MA7DOAN[S_SET%10]);  
0285:  MOVF   21,W
0286:  MOVWF  26
0287:  MOVLW  0A
0288:  MOVWF  27
0289:  CALL   1D1
028A:  MOVF   77,W
028B:  CALL   004
028C:  MOVWF  24
028D:  MOVLW  00
028E:  MOVWF  23
028F:  BSF    03.5
0290:  CLRF   07
0291:  BCF    03.5
0292:  MOVF   24,W
0293:  MOVWF  07
....................        
....................       IF (!INPUT(ON_OFF)){ 
0294:  BSF    03.5
0295:  BSF    09.0
0296:  BCF    03.5
0297:  BTFSC  09.0
0298:  GOTO   2A8
....................          DELAY_MS(20); 
0299:  MOVLW  14
029A:  MOVWF  29
029B:  CALL   025
....................          IF (!INPUT(ON_OFF)){ 
029C:  BSF    03.5
029D:  BSF    09.0
029E:  BCF    03.5
029F:  BTFSC  09.0
02A0:  GOTO   2A8
....................             STATUS = ~STATUS; 
02A1:  MOVLW  01
02A2:  XORWF  20,F
....................             WHILE(!INPUT(ON_OFF)); 
02A3:  BSF    03.5
02A4:  BSF    09.0
02A5:  BCF    03.5
02A6:  BTFSS  09.0
02A7:  GOTO   2A3
....................          } 
....................       } 
....................        
....................       IF (STATUS){ 
02A8:  BTFSS  20.0
02A9:  GOTO   2C3
....................          IF (!INPUT(ADJ)){ 
02AA:  BSF    03.5
02AB:  BSF    09.1
02AC:  BCF    03.5
02AD:  BTFSC  09.1
02AE:  GOTO   2C2
....................             DELAY_MS(20); 
02AF:  MOVLW  14
02B0:  MOVWF  29
02B1:  CALL   025
....................             IF (!INPUT(ADJ)){ 
02B2:  BSF    03.5
02B3:  BSF    09.1
02B4:  BCF    03.5
02B5:  BTFSC  09.1
02B6:  GOTO   2C2
....................                S_SET += 5; 
02B7:  MOVLW  05
02B8:  ADDWF  21,F
....................                IF (S_SET > 60) S_SET = 0; 
02B9:  MOVF   21,W
02BA:  SUBLW  3C
02BB:  BTFSS  03.0
02BC:  CLRF   21
....................                WHILE(!INPUT(ADJ)); 
02BD:  BSF    03.5
02BE:  BSF    09.1
02BF:  BCF    03.5
02C0:  BTFSS  09.1
02C1:  GOTO   2BD
....................             } 
....................          } 
....................       } ELSE{ 
02C2:  GOTO   2E6
....................          S_DIS++; 
02C3:  INCF   22,F
....................          DELAY_MS(1000); 
02C4:  MOVLW  04
02C5:  MOVWF  24
02C6:  MOVLW  FA
02C7:  MOVWF  29
02C8:  CALL   025
02C9:  DECFSZ 24,F
02CA:  GOTO   2C6
....................          IF (S_DIS > S_SET){ 
02CB:  MOVF   22,W
02CC:  SUBWF  21,W
02CD:  BTFSC  03.0
02CE:  GOTO   2E6
....................             S_DIS = 0; 
02CF:  CLRF   22
....................             OUTPUT_HIGH(PIN_A0); 
02D0:  BSF    03.5
02D1:  BCF    05.0
02D2:  BCF    03.5
02D3:  BSF    05.0
....................             DELAY_MS(500); 
02D4:  MOVLW  02
02D5:  MOVWF  24
02D6:  MOVLW  FA
02D7:  MOVWF  29
02D8:  CALL   025
02D9:  DECFSZ 24,F
02DA:  GOTO   2D6
....................             OUTPUT_LOW(PIN_A0); 
02DB:  BSF    03.5
02DC:  BCF    05.0
02DD:  BCF    03.5
02DE:  BCF    05.0
....................             DELAY_MS(500); 
02DF:  MOVLW  02
02E0:  MOVWF  24
02E1:  MOVLW  FA
02E2:  MOVWF  29
02E3:  CALL   025
02E4:  DECFSZ 24,F
02E5:  GOTO   2E1
....................          } 
....................       } 
02E6:  GOTO   251
....................    } 
.................... } 
02E7:  SLEEP

Configuration Fuses:
   Word  1: 2FE2   HS NOWDT PUT MCLR NOPROTECT NOCPD BROWNOUT IESO FCMEN NOLVP NODEBUG
   Word  2: 0700   BORV40 NOWRT
