CCS PCM C Compiler, Version 5.051, 43599               02-Apr-26 00:03

               Filename:   D:\VI-XU-LY\LCD\REVIEW_1\Review_1.lst

               ROM used:   747 words (9%)
                           Largest free fragment is 2048
               RAM used:   10 (3%) at main() level
                           24 (7%) worst case
               Stack used: 5 locations
               Stack size: 8

*
0000:  MOVLW  02
0001:  MOVWF  0A
0002:  GOTO   21C
0003:  NOP
.................... #INCLUDE <16F887.H> 
.................... //////////// Standard Header file for the PIC16F887 device //////////////// 
.................... /////////////////////////////////////////////////////////////////////////// 
.................... ////        (C) Copyright 1996, 2014 Custom Computer Services          //// 
.................... //// This source code may only be used by licensed users of the CCS C  //// 
.................... //// compiler.  This source code may only be distributed to other      //// 
.................... //// licensed users of the CCS C compiler.  No other use, reproduction //// 
.................... //// or distribution is permitted without written permission.          //// 
.................... //// Derivative programs created using this software in object code    //// 
.................... //// form are not restricted in any way.                               //// 
.................... /////////////////////////////////////////////////////////////////////////// 
.................... #device PIC16F887 
0004:  BCF    0A.0
0005:  BCF    0A.1
0006:  BCF    0A.2
0007:  ADDWF  02,F
0008:  RETLW  C0
0009:  RETLW  F9
000A:  RETLW  A4
000B:  RETLW  B0
000C:  RETLW  99
000D:  RETLW  92
000E:  RETLW  82
000F:  RETLW  F8
0010:  RETLW  80
0011:  RETLW  90
0012:  DATA C8,24
0013:  DATA 45,27
0014:  DATA 20,2A
0015:  DATA C1,24
0016:  DATA 3A,10
0017:  DATA 20,10
0018:  DATA 20,10
0019:  DATA 25,18
001A:  DATA B2,2A
001B:  DATA 00,00
001C:  DATA C8,24
001D:  DATA 45,27
001E:  DATA 20,2A
001F:  DATA C1,24
0020:  DATA 3A,10
0021:  DATA 20,10
0022:  DATA 20,10
0023:  DATA 25,18
0024:  DATA B2,2A
0025:  DATA 00,00
*
017B:  MOVF   0B,W
017C:  MOVWF  25
017D:  BCF    0B.7
017E:  BSF    03.5
017F:  BSF    03.6
0180:  BSF    0C.7
0181:  BSF    0C.0
0182:  NOP
0183:  NOP
0184:  BCF    03.5
0185:  BCF    03.6
0186:  BTFSC  25.7
0187:  BSF    0B.7
0188:  BTFSC  03.0
0189:  GOTO   1B2
018A:  BSF    03.6
018B:  MOVF   0C,W
018C:  ANDLW  7F
018D:  BCF    03.6
018E:  MOVWF  25
018F:  BSF    03.6
0190:  MOVF   0D,W
0191:  BCF    03.6
0192:  MOVWF  26
0193:  BSF    03.6
0194:  MOVF   0F,W
0195:  BCF    03.6
0196:  MOVWF  27
0197:  MOVF   25,W
0198:  MOVWF  28
0199:  CALL   14F
019A:  MOVF   26,W
019B:  BSF    03.6
019C:  MOVWF  0D
019D:  BCF    03.6
019E:  MOVF   27,W
019F:  BSF    03.6
01A0:  MOVWF  0F
01A1:  BCF    03.6
01A2:  MOVF   0B,W
01A3:  MOVWF  28
01A4:  BCF    0B.7
01A5:  BSF    03.5
01A6:  BSF    03.6
01A7:  BSF    0C.7
01A8:  BSF    0C.0
01A9:  NOP
01AA:  NOP
01AB:  BCF    03.5
01AC:  BCF    03.6
01AD:  BTFSC  28.7
01AE:  BSF    0B.7
01AF:  DECFSZ 24,F
01B0:  GOTO   1B2
01B1:  GOTO   1D1
01B2:  BSF    03.6
01B3:  RLF    0C,W
01B4:  RLF    0E,W
01B5:  ANDLW  7F
01B6:  BCF    03.6
01B7:  MOVWF  25
01B8:  BSF    03.6
01B9:  MOVF   0D,W
01BA:  BCF    03.6
01BB:  MOVWF  26
01BC:  BSF    03.6
01BD:  MOVF   0F,W
01BE:  BCF    03.6
01BF:  MOVWF  27
01C0:  MOVF   25,W
01C1:  MOVWF  28
01C2:  CALL   14F
01C3:  MOVF   26,W
01C4:  BSF    03.6
01C5:  MOVWF  0D
01C6:  BCF    03.6
01C7:  MOVF   27,W
01C8:  BSF    03.6
01C9:  MOVWF  0F
01CA:  INCF   0D,F
01CB:  BTFSC  03.2
01CC:  INCF   0F,F
01CD:  BCF    03.0
01CE:  BCF    03.6
01CF:  DECFSZ 24,F
01D0:  GOTO   17B
01D1:  RETURN
01D2:  MOVF   27,W
01D3:  CLRF   78
01D4:  SUBWF  26,W
01D5:  BTFSC  03.0
01D6:  GOTO   1DA
01D7:  MOVF   26,W
01D8:  MOVWF  77
01D9:  GOTO   1E6
01DA:  CLRF   77
01DB:  MOVLW  08
01DC:  MOVWF  28
01DD:  RLF    26,F
01DE:  RLF    77,F
01DF:  MOVF   27,W
01E0:  SUBWF  77,W
01E1:  BTFSC  03.0
01E2:  MOVWF  77
01E3:  RLF    78,F
01E4:  DECFSZ 28,F
01E5:  GOTO   1DD
01E6:  RETURN
01E7:  MOVF   78,W
01E8:  MOVF   24,W
01E9:  MOVWF  26
01EA:  MOVLW  64
01EB:  MOVWF  27
01EC:  CALL   1D2
01ED:  MOVF   77,W
01EE:  MOVWF  24
01EF:  MOVF   78,W
01F0:  MOVLW  30
01F1:  BTFSS  03.2
01F2:  GOTO   1FA
01F3:  BTFSS  25.1
01F4:  GOTO   201
01F5:  BTFSC  25.3
01F6:  GOTO   201
01F7:  BTFSC  25.4
01F8:  MOVLW  20
01F9:  GOTO   1FD
01FA:  BCF    25.3
01FB:  BCF    25.4
01FC:  BSF    25.0
01FD:  ADDWF  78,F
01FE:  MOVF   78,W
01FF:  MOVWF  28
0200:  CALL   14F
0201:  MOVF   24,W
0202:  MOVWF  26
0203:  MOVLW  0A
0204:  MOVWF  27
0205:  CALL   1D2
0206:  MOVF   77,W
0207:  MOVWF  24
0208:  MOVF   78,W
0209:  MOVLW  30
020A:  BTFSS  03.2
020B:  GOTO   212
020C:  BTFSC  25.3
020D:  GOTO   216
020E:  BTFSS  25.0
020F:  GOTO   216
0210:  BTFSC  25.4
0211:  MOVLW  20
0212:  ADDWF  78,F
0213:  MOVF   78,W
0214:  MOVWF  28
0215:  CALL   14F
0216:  MOVLW  30
0217:  ADDWF  24,F
0218:  MOVF   24,W
0219:  MOVWF  28
021A:  CALL   14F
021B:  RETURN
....................  
.................... #list 
....................  
.................... #FUSES HS, PUT, NOWDT, NOLVP, NOPROTECT 
.................... #USE DELAY(CLOCK=20M) 
*
0026:  MOVLW  29
0027:  MOVWF  04
0028:  BCF    03.7
0029:  MOVF   00,W
002A:  BTFSC  03.2
002B:  GOTO   039
002C:  MOVLW  06
002D:  MOVWF  78
002E:  CLRF   77
002F:  DECFSZ 77,F
0030:  GOTO   02F
0031:  DECFSZ 78,F
0032:  GOTO   02E
0033:  MOVLW  7B
0034:  MOVWF  77
0035:  DECFSZ 77,F
0036:  GOTO   035
0037:  DECFSZ 00,F
0038:  GOTO   02C
0039:  RETURN
....................  
.................... #define LCD_ENABLE_PIN  PIN_D0 
.................... #define LCD_RS_PIN      PIN_D1 
.................... #define LCD_RW_PIN      PIN_D2 
.................... #define LCD_DATA4       PIN_D4 
.................... #define LCD_DATA5       PIN_D5 
.................... #define LCD_DATA6       PIN_D6 
.................... #define LCD_DATA7       PIN_D7 
.................... #define ON_OFF          PIN_E0 
.................... #define ADJ             PIN_E1 
....................  
.................... #INCLUDE <LCD.C> 
.................... /////////////////////////////////////////////////////////////////////////////// 
.................... ////                             LCD.C                                     //// 
.................... ////                 Driver for common LCD modules                         //// 
.................... ////                                                                       //// 
.................... ////  lcd_init()   Must be called before any other function.               //// 
.................... ////                                                                       //// 
.................... ////  lcd_putc(c)  Will display c on the next position of the LCD.         //// 
.................... ////                 \a  Set cursor position to upper left                 //// 
.................... ////                 \f  Clear display, set cursor to upper left           //// 
.................... ////                 \n  Go to start of second line                        //// 
.................... ////                 \b  Move back one position                            //// 
.................... ////              If LCD_EXTENDED_NEWLINE is defined, the \n character     //// 
.................... ////              will erase all remanining characters on the current      //// 
.................... ////              line, and move the cursor to the beginning of the next   //// 
.................... ////              line.                                                    //// 
.................... ////              If LCD_EXTENDED_NEWLINE is defined, the \r character     //// 
.................... ////              will move the cursor to the start of the current         //// 
.................... ////              line.                                                    //// 
.................... ////                                                                       //// 
.................... ////  lcd_gotoxy(x,y) Set write position on LCD (upper left is 1,1)        //// 
.................... ////                                                                       //// 
.................... ////  lcd_getc(x,y)   Returns character at position x,y on LCD             //// 
.................... ////                                                                       //// 
.................... ////  lcd_cursor_on(int1 on)   Turn the cursor on (on=TRUE) or off         //// 
.................... ////              (on=FALSE).                                              //// 
.................... ////                                                                       //// 
.................... ////  lcd_set_cgram_char(w, *p)   Write a custom character to the CGRAM.   //// 
.................... ////                                                                       //// 
.................... ////                                                                       //// 
.................... ////  CONFIGURATION                                                        //// 
.................... ////  The LCD can be configured in one of two ways: a.) port access or     //// 
.................... ////  b.) pin access.  Port access requires the entire 7 bit interface     //// 
.................... ////  connected to one GPIO port, and the data bits (D4:D7 of the LCD)     //// 
.................... ////  connected to sequential pins on the GPIO.  Pin access                //// 
.................... ////  has no requirements, all 7 bits of the control interface can         //// 
.................... ////  can be connected to any GPIO using several ports.                    //// 
.................... ////                                                                       //// 
.................... ////  To use port access, #define LCD_DATA_PORT to the SFR location of     //// 
.................... ////  of the GPIO port that holds the interface, -AND- edit LCD_PIN_MAP    //// 
.................... ////  of this file to configure the pin order.  If you are using a         //// 
.................... ////  baseline PIC (PCB), then LCD_OUTPUT_MAP and LCD_INPUT_MAP also must  //// 
.................... ////  be defined.                                                          //// 
.................... ////                                                                       //// 
.................... ////  Example of port access:                                              //// 
.................... ////     #define LCD_DATA_PORT getenv("SFR:PORTD")                         //// 
.................... ////                                                                       //// 
.................... ////  To use pin access, the following pins must be defined:               //// 
.................... ////     LCD_ENABLE_PIN                                                    //// 
.................... ////     LCD_RS_PIN                                                        //// 
.................... ////     LCD_RW_PIN                                                        //// 
.................... ////     LCD_DATA4                                                         //// 
.................... ////     LCD_DATA5                                                         //// 
.................... ////     LCD_DATA6                                                         //// 
.................... ////     LCD_DATA7                                                         //// 
.................... ////                                                                       //// 
.................... ////  Example of pin access:                                               //// 
.................... ////     #define LCD_ENABLE_PIN  PIN_E0                                    //// 
.................... ////     #define LCD_RS_PIN      PIN_E1                                    //// 
.................... ////     #define LCD_RW_PIN      PIN_E2                                    //// 
.................... ////     #define LCD_DATA4       PIN_D4                                    //// 
.................... ////     #define LCD_DATA5       PIN_D5                                    //// 
.................... ////     #define LCD_DATA6       PIN_D6                                    //// 
.................... ////     #define LCD_DATA7       PIN_D7                                    //// 
.................... ////                                                                       //// 
.................... /////////////////////////////////////////////////////////////////////////////// 
.................... ////        (C) Copyright 1996,2010 Custom Computer Services           //// 
.................... //// This source code may only be used by licensed users of the CCS C  //// 
.................... //// compiler.  This source code may only be distributed to other      //// 
.................... //// licensed users of the CCS C compiler.  No other use, reproduction //// 
.................... //// or distribution is permitted without written permission.          //// 
.................... //// Derivative programs created using this software in object code    //// 
.................... //// form are not restricted in any way.                               //// 
.................... /////////////////////////////////////////////////////////////////////////// 
....................  
.................... #ifndef __LCD_C__ 
.................... #define __LCD_C__ 
....................  
.................... // define the pinout. 
.................... // only required if port access is being used. 
.................... typedef struct   
.................... {                            // This structure is overlayed 
....................    int1 enable;           // on to an I/O port to gain 
....................    int1 rs;               // access to the LCD pins. 
....................    int1 rw;               // The bits are allocated from 
....................    int1 unused;           // low order up.  ENABLE will 
....................    unsigned int     data : 4;         // be LSB pin of that port. 
....................   #if defined(__PCD__)       // The port used will be LCD_DATA_PORT. 
....................    unsigned int    reserved: 8; 
....................   #endif 
.................... } LCD_PIN_MAP; 
....................  
.................... // this is to improve compatability with previous LCD drivers that accepted 
.................... // a define labeled 'use_portb_lcd' that configured the LCD onto port B. 
.................... #if ((defined(use_portb_lcd)) && (use_portb_lcd==TRUE)) 
....................  #define LCD_DATA_PORT getenv("SFR:PORTB") 
.................... #endif 
....................  
.................... #if defined(__PCB__) 
....................    // these definitions only need to be modified for baseline PICs. 
....................    // all other PICs use LCD_PIN_MAP or individual LCD_xxx pin definitions. 
.................... /*                                    EN, RS,   RW,   UNUSED,  DATA  */ 
....................  const LCD_PIN_MAP LCD_OUTPUT_MAP =  {0,  0,    0,    0,       0}; 
....................  const LCD_PIN_MAP LCD_INPUT_MAP =   {0,  0,    0,    0,       0xF}; 
.................... #endif 
....................  
.................... ////////////////////// END CONFIGURATION /////////////////////////////////// 
....................  
.................... #ifndef LCD_ENABLE_PIN 
....................    #define lcd_output_enable(x) lcdlat.enable=x 
....................    #define lcd_enable_tris()   lcdtris.enable=0 
.................... #else 
....................    #define lcd_output_enable(x) output_bit(LCD_ENABLE_PIN, x) 
....................    #define lcd_enable_tris()  output_drive(LCD_ENABLE_PIN) 
.................... #endif 
....................  
.................... #ifndef LCD_RS_PIN 
....................    #define lcd_output_rs(x) lcdlat.rs=x 
....................    #define lcd_rs_tris()   lcdtris.rs=0 
.................... #else 
....................    #define lcd_output_rs(x) output_bit(LCD_RS_PIN, x) 
....................    #define lcd_rs_tris()  output_drive(LCD_RS_PIN) 
.................... #endif 
....................  
.................... #ifndef LCD_RW_PIN 
....................    #define lcd_output_rw(x) lcdlat.rw=x 
....................    #define lcd_rw_tris()   lcdtris.rw=0 
.................... #else 
....................    #define lcd_output_rw(x) output_bit(LCD_RW_PIN, x) 
....................    #define lcd_rw_tris()  output_drive(LCD_RW_PIN) 
.................... #endif 
....................  
.................... // original version of this library incorrectly labeled LCD_DATA0 as LCD_DATA4, 
.................... // LCD_DATA1 as LCD_DATA5, and so on.  this block of code makes the driver 
.................... // compatible with any code written for the original library 
.................... #if (defined(LCD_DATA0) && defined(LCD_DATA1) && defined(LCD_DATA2) && defined(LCD_DATA3) && !defined(LCD_DATA4) && !defined(LCD_DATA5) && !defined(LCD_DATA6) && !defined(LCD_DATA7)) 
....................    #define  LCD_DATA4    LCD_DATA0 
....................    #define  LCD_DATA5    LCD_DATA1 
....................    #define  LCD_DATA6    LCD_DATA2 
....................    #define  LCD_DATA7    LCD_DATA3 
.................... #endif 
....................  
.................... #ifndef LCD_DATA4 
.................... #ifndef LCD_DATA_PORT 
....................    #if defined(__PCB__) 
....................       #define LCD_DATA_PORT      0x06     //portb 
....................       #define set_tris_lcd(x)   set_tris_b(x) 
....................    #else 
....................      #if defined(PIN_D0) 
....................       #define LCD_DATA_PORT      getenv("SFR:PORTD")     //portd 
....................      #else 
....................       #define LCD_DATA_PORT      getenv("SFR:PORTB")     //portb 
....................      #endif 
....................    #endif    
.................... #endif 
....................  
.................... #if defined(__PCB__) 
....................    LCD_PIN_MAP lcd, lcdlat; 
....................    #byte lcd = LCD_DATA_PORT 
....................    #byte lcdlat = LCD_DATA_PORT 
.................... #elif defined(__PCM__) 
....................    LCD_PIN_MAP lcd, lcdlat, lcdtris; 
....................    #byte lcd = LCD_DATA_PORT 
....................    #byte lcdlat = LCD_DATA_PORT 
....................    #byte lcdtris = LCD_DATA_PORT+0x80 
.................... #elif defined(__PCH__) 
....................    LCD_PIN_MAP lcd, lcdlat, lcdtris; 
....................    #byte lcd = LCD_DATA_PORT 
....................    #byte lcdlat = LCD_DATA_PORT+9 
....................    #byte lcdtris = LCD_DATA_PORT+0x12 
.................... #elif defined(__PCD__) 
....................    LCD_PIN_MAP lcd, lcdlat, lcdtris; 
....................    #word lcd = LCD_DATA_PORT 
....................    #word lcdlat = LCD_DATA_PORT+2 
....................    #word lcdtris = LCD_DATA_PORT-0x02 
.................... #endif 
.................... #endif   //LCD_DATA4 not defined 
....................  
.................... #ifndef LCD_TYPE 
....................    #define LCD_TYPE 2           // 0=5x7, 1=5x10, 2=2 lines 
.................... #endif 
....................  
.................... #ifndef LCD_LINE_TWO 
....................    #define LCD_LINE_TWO 0x40    // LCD RAM address for the second line 
.................... #endif 
....................  
.................... #ifndef LCD_LINE_LENGTH 
....................    #define LCD_LINE_LENGTH 20 
.................... #endif 
....................  
.................... unsigned int8 lcd_read_nibble(void); 
....................  
.................... unsigned int8 lcd_read_byte(void) 
.................... { 
....................    unsigned int8 low,high; 
....................  
....................  #if defined(__PCB__) 
....................    set_tris_lcd(LCD_INPUT_MAP); 
....................  #else 
....................   #if (defined(LCD_DATA4) && defined(LCD_DATA5) && defined(LCD_DATA6) && defined(LCD_DATA7)) 
....................    output_float(LCD_DATA4); 
*
00A1:  BSF    08.4
....................    output_float(LCD_DATA5); 
00A2:  BSF    08.5
....................    output_float(LCD_DATA6); 
00A3:  BSF    08.6
....................    output_float(LCD_DATA7); 
00A4:  BSF    08.7
....................   #else 
....................    lcdtris.data = 0xF; 
....................   #endif 
....................  #endif 
....................          
....................    lcd_output_rw(1); 
00A5:  BCF    03.5
00A6:  BSF    08.2
00A7:  BSF    03.5
00A8:  BCF    08.2
....................    delay_cycles(1); 
00A9:  NOP
....................    lcd_output_enable(1); 
00AA:  BCF    03.5
00AB:  BSF    08.0
00AC:  BSF    03.5
00AD:  BCF    08.0
....................    delay_cycles(1); 
00AE:  NOP
....................    high = lcd_read_nibble(); 
00AF:  BCF    03.5
00B0:  CALL   068
00B1:  MOVF   78,W
00B2:  MOVWF  30
....................        
....................    lcd_output_enable(0); 
00B3:  BCF    08.0
00B4:  BSF    03.5
00B5:  BCF    08.0
....................    delay_cycles(1); 
00B6:  NOP
....................    lcd_output_enable(1); 
00B7:  BCF    03.5
00B8:  BSF    08.0
00B9:  BSF    03.5
00BA:  BCF    08.0
....................    delay_us(1); 
00BB:  GOTO   0BC
00BC:  GOTO   0BD
00BD:  NOP
....................    low = lcd_read_nibble(); 
00BE:  BCF    03.5
00BF:  CALL   068
00C0:  MOVF   78,W
00C1:  MOVWF  2F
....................        
....................    lcd_output_enable(0); 
00C2:  BCF    08.0
00C3:  BSF    03.5
00C4:  BCF    08.0
....................  
....................  #if defined(__PCB__) 
....................    set_tris_lcd(LCD_OUTPUT_MAP); 
....................  #else 
....................   #if (defined(LCD_DATA4) && defined(LCD_DATA5) && defined(LCD_DATA6) && defined(LCD_DATA7)) 
....................    output_drive(LCD_DATA4); 
00C5:  BCF    08.4
....................    output_drive(LCD_DATA5); 
00C6:  BCF    08.5
....................    output_drive(LCD_DATA6); 
00C7:  BCF    08.6
....................    output_drive(LCD_DATA7); 
00C8:  BCF    08.7
....................   #else 
....................    lcdtris.data = 0x0; 
....................   #endif 
....................  #endif 
....................  
....................    return( (high<<4) | low); 
00C9:  BCF    03.5
00CA:  SWAPF  30,W
00CB:  MOVWF  77
00CC:  MOVLW  F0
00CD:  ANDWF  77,F
00CE:  MOVF   77,W
00CF:  IORWF  2F,W
00D0:  MOVWF  78
.................... } 
....................  
.................... unsigned int8 lcd_read_nibble(void) 
.................... { 
....................   #if (defined(LCD_DATA4) && defined(LCD_DATA5) && defined(LCD_DATA6) && defined(LCD_DATA7)) 
*
0068:  CLRF   31
....................    unsigned int8 n = 0x00; 
....................  
....................    /* Read the data port */ 
....................    n |= input(LCD_DATA4); 
0069:  BSF    03.5
006A:  BSF    08.4
006B:  MOVLW  00
006C:  BCF    03.5
006D:  BTFSC  08.4
006E:  MOVLW  01
006F:  IORWF  31,F
....................    n |= input(LCD_DATA5) << 1; 
0070:  BSF    03.5
0071:  BSF    08.5
0072:  MOVLW  00
0073:  BCF    03.5
0074:  BTFSC  08.5
0075:  MOVLW  01
0076:  MOVWF  77
0077:  BCF    03.0
0078:  RLF    77,F
0079:  MOVF   77,W
007A:  IORWF  31,F
....................    n |= input(LCD_DATA6) << 2; 
007B:  BSF    03.5
007C:  BSF    08.6
007D:  MOVLW  00
007E:  BCF    03.5
007F:  BTFSC  08.6
0080:  MOVLW  01
0081:  MOVWF  77
0082:  RLF    77,F
0083:  RLF    77,F
0084:  MOVLW  FC
0085:  ANDWF  77,F
0086:  MOVF   77,W
0087:  IORWF  31,F
....................    n |= input(LCD_DATA7) << 3; 
0088:  BSF    03.5
0089:  BSF    08.7
008A:  MOVLW  00
008B:  BCF    03.5
008C:  BTFSC  08.7
008D:  MOVLW  01
008E:  MOVWF  77
008F:  RLF    77,F
0090:  RLF    77,F
0091:  RLF    77,F
0092:  MOVLW  F8
0093:  ANDWF  77,F
0094:  MOVF   77,W
0095:  IORWF  31,F
....................     
....................    return(n); 
0096:  MOVF   31,W
0097:  MOVWF  78
....................   #else 
0098:  RETURN
....................    return(lcd.data); 
....................   #endif 
.................... } 
....................  
.................... void lcd_send_nibble(unsigned int8 n) 
.................... { 
....................   #if (defined(LCD_DATA4) && defined(LCD_DATA5) && defined(LCD_DATA6) && defined(LCD_DATA7)) 
....................    /* Write to the data port */ 
....................    output_bit(LCD_DATA4, bit_test(n, 0)); 
*
003A:  BTFSC  30.0
003B:  GOTO   03E
003C:  BCF    08.4
003D:  GOTO   03F
003E:  BSF    08.4
003F:  BSF    03.5
0040:  BCF    08.4
....................    output_bit(LCD_DATA5, bit_test(n, 1)); 
0041:  BCF    03.5
0042:  BTFSC  30.1
0043:  GOTO   046
0044:  BCF    08.5
0045:  GOTO   047
0046:  BSF    08.5
0047:  BSF    03.5
0048:  BCF    08.5
....................    output_bit(LCD_DATA6, bit_test(n, 2)); 
0049:  BCF    03.5
004A:  BTFSC  30.2
004B:  GOTO   04E
004C:  BCF    08.6
004D:  GOTO   04F
004E:  BSF    08.6
004F:  BSF    03.5
0050:  BCF    08.6
....................    output_bit(LCD_DATA7, bit_test(n, 3)); 
0051:  BCF    03.5
0052:  BTFSC  30.3
0053:  GOTO   056
0054:  BCF    08.7
0055:  GOTO   057
0056:  BSF    08.7
0057:  BSF    03.5
0058:  BCF    08.7
....................   #else       
....................    lcdlat.data = n; 
....................   #endif 
....................        
....................    delay_cycles(1); 
0059:  NOP
....................    lcd_output_enable(1); 
005A:  BCF    03.5
005B:  BSF    08.0
005C:  BSF    03.5
005D:  BCF    08.0
....................    delay_us(2); 
005E:  MOVLW  03
005F:  MOVWF  77
0060:  DECFSZ 77,F
0061:  GOTO   060
....................    lcd_output_enable(0); 
0062:  BCF    03.5
0063:  BCF    08.0
0064:  BSF    03.5
0065:  BCF    08.0
0066:  BCF    03.5
0067:  RETURN
.................... } 
....................  
.................... void lcd_send_byte(unsigned int8 address, unsigned int8 n) 
.................... { 
....................   #if defined(__PCB__) 
....................    set_tris_lcd(LCD_OUTPUT_MAP); 
....................   #else 
....................    lcd_enable_tris(); 
*
0099:  BSF    03.5
009A:  BCF    08.0
....................    lcd_rs_tris(); 
009B:  BCF    08.1
....................    lcd_rw_tris(); 
009C:  BCF    08.2
....................   #endif 
....................  
....................    lcd_output_rs(0); 
009D:  BCF    03.5
009E:  BCF    08.1
009F:  BSF    03.5
00A0:  BCF    08.1
....................    while ( bit_test(lcd_read_byte(),7) ) ; 
*
00D1:  MOVF   78,W
00D2:  MOVWF  2F
00D3:  BTFSS  2F.7
00D4:  GOTO   0D7
00D5:  BSF    03.5
00D6:  GOTO   0A1
....................    lcd_output_rs(address); 
00D7:  MOVF   2D,F
00D8:  BTFSS  03.2
00D9:  GOTO   0DC
00DA:  BCF    08.1
00DB:  GOTO   0DD
00DC:  BSF    08.1
00DD:  BSF    03.5
00DE:  BCF    08.1
....................    delay_cycles(1); 
00DF:  NOP
....................    lcd_output_rw(0); 
00E0:  BCF    03.5
00E1:  BCF    08.2
00E2:  BSF    03.5
00E3:  BCF    08.2
....................    delay_cycles(1); 
00E4:  NOP
....................    lcd_output_enable(0); 
00E5:  BCF    03.5
00E6:  BCF    08.0
00E7:  BSF    03.5
00E8:  BCF    08.0
....................    lcd_send_nibble(n >> 4); 
00E9:  BCF    03.5
00EA:  SWAPF  2E,W
00EB:  MOVWF  2F
00EC:  MOVLW  0F
00ED:  ANDWF  2F,F
00EE:  MOVF   2F,W
00EF:  MOVWF  30
00F0:  CALL   03A
....................    lcd_send_nibble(n & 0xf); 
00F1:  MOVF   2E,W
00F2:  ANDLW  0F
00F3:  MOVWF  2F
00F4:  MOVWF  30
00F5:  CALL   03A
00F6:  RETURN
.................... } 
....................  
.................... #if defined(LCD_EXTENDED_NEWLINE) 
.................... unsigned int8 g_LcdX, g_LcdY; 
.................... #endif 
....................  
.................... void lcd_init(void)  
.................... { 
....................    unsigned int8 i; 
....................    unsigned int8 LCD_INIT_STRING[4] = {0x20 | (LCD_TYPE << 2), 0xc, 1, 6}; 
00F7:  MOVLW  28
00F8:  MOVWF  25
00F9:  MOVLW  0C
00FA:  MOVWF  26
00FB:  MOVLW  01
00FC:  MOVWF  27
00FD:  MOVLW  06
00FE:  MOVWF  28
....................                              // These bytes need to be sent to the LCD 
....................                              // to start it up. 
....................     
....................  
....................    lcd_output_enable(0); 
00FF:  BCF    08.0
0100:  BSF    03.5
0101:  BCF    08.0
....................    lcd_output_rs(0); 
0102:  BCF    03.5
0103:  BCF    08.1
0104:  BSF    03.5
0105:  BCF    08.1
....................    lcd_output_rw(0); 
0106:  BCF    03.5
0107:  BCF    08.2
0108:  BSF    03.5
0109:  BCF    08.2
....................  
....................  #if defined(__PCB__) 
....................    set_tris_lcd(LCD_OUTPUT_MAP); 
....................  #else 
....................   #if (defined(LCD_DATA4) && defined(LCD_DATA5) && defined(LCD_DATA6) && defined(LCD_DATA7)) 
....................    output_drive(LCD_DATA4); 
010A:  BCF    08.4
....................    output_drive(LCD_DATA5); 
010B:  BCF    08.5
....................    output_drive(LCD_DATA6); 
010C:  BCF    08.6
....................    output_drive(LCD_DATA7); 
010D:  BCF    08.7
....................   #else 
....................    lcdtris.data = 0x0; 
....................   #endif 
....................    lcd_enable_tris(); 
010E:  BCF    08.0
....................    lcd_rs_tris(); 
010F:  BCF    08.1
....................    lcd_rw_tris(); 
0110:  BCF    08.2
....................  #endif 
....................      
....................    delay_ms(15); 
0111:  MOVLW  0F
0112:  BCF    03.5
0113:  MOVWF  29
0114:  CALL   026
....................    for(i=1;i<=3;++i) 
0115:  MOVLW  01
0116:  MOVWF  24
0117:  MOVF   24,W
0118:  SUBLW  03
0119:  BTFSS  03.0
011A:  GOTO   123
....................    { 
....................        lcd_send_nibble(3); 
011B:  MOVLW  03
011C:  MOVWF  30
011D:  CALL   03A
....................        delay_ms(5); 
011E:  MOVLW  05
011F:  MOVWF  29
0120:  CALL   026
0121:  INCF   24,F
0122:  GOTO   117
....................    } 
....................     
....................    lcd_send_nibble(2); 
0123:  MOVLW  02
0124:  MOVWF  30
0125:  CALL   03A
....................    delay_ms(5); 
0126:  MOVLW  05
0127:  MOVWF  29
0128:  CALL   026
....................    for(i=0;i<=3;++i) 
0129:  CLRF   24
012A:  MOVF   24,W
012B:  SUBLW  03
012C:  BTFSS  03.0
012D:  GOTO   13A
....................       lcd_send_byte(0,LCD_INIT_STRING[i]); 
012E:  MOVLW  25
012F:  ADDWF  24,W
0130:  MOVWF  04
0131:  BCF    03.7
0132:  MOVF   00,W
0133:  MOVWF  29
0134:  CLRF   2D
0135:  MOVF   29,W
0136:  MOVWF  2E
0137:  CALL   099
....................  
....................   #if defined(LCD_EXTENDED_NEWLINE) 
0138:  INCF   24,F
0139:  GOTO   12A
013A:  BCF    0A.3
013B:  BCF    0A.4
013C:  GOTO   252 (RETURN)
....................    g_LcdX = 0; 
....................    g_LcdY = 0; 
....................   #endif 
.................... } 
....................  
.................... void lcd_gotoxy(unsigned int8 x, unsigned int8 y) 
.................... { 
....................    unsigned int8 address; 
....................     
....................    if(y!=1) 
013D:  DECFSZ 2A,W
013E:  GOTO   140
013F:  GOTO   143
....................       address=LCD_LINE_TWO; 
0140:  MOVLW  40
0141:  MOVWF  2B
0142:  GOTO   144
....................    else 
....................       address=0; 
0143:  CLRF   2B
....................       
....................    address+=x-1; 
0144:  MOVLW  01
0145:  SUBWF  29,W
0146:  ADDWF  2B,F
....................    lcd_send_byte(0,0x80|address); 
0147:  MOVF   2B,W
0148:  IORLW  80
0149:  MOVWF  2C
014A:  CLRF   2D
014B:  MOVF   2C,W
014C:  MOVWF  2E
014D:  CALL   099
....................  
....................   #if defined(LCD_EXTENDED_NEWLINE) 
014E:  RETURN
....................    g_LcdX = x - 1; 
....................    g_LcdY = y - 1; 
....................   #endif 
.................... } 
....................  
.................... void lcd_putc(char c) 
.................... { 
....................    switch (c) 
014F:  MOVF   28,W
0150:  XORLW  07
0151:  BTFSC  03.2
0152:  GOTO   15D
0153:  XORLW  0B
0154:  BTFSC  03.2
0155:  GOTO   162
0156:  XORLW  06
0157:  BTFSC  03.2
0158:  GOTO   16A
0159:  XORLW  02
015A:  BTFSC  03.2
015B:  GOTO   170
015C:  GOTO   175
....................    { 
....................       case '\a'   :  lcd_gotoxy(1,1);     break; 
015D:  MOVLW  01
015E:  MOVWF  29
015F:  MOVWF  2A
0160:  CALL   13D
0161:  GOTO   17A
....................  
....................       case '\f'   :  lcd_send_byte(0,1); 
0162:  CLRF   2D
0163:  MOVLW  01
0164:  MOVWF  2E
0165:  CALL   099
....................                      delay_ms(2); 
0166:  MOVLW  02
0167:  MOVWF  29
0168:  CALL   026
....................                     #if defined(LCD_EXTENDED_NEWLINE) 
....................                      g_LcdX = 0; 
....................                      g_LcdY = 0; 
....................                     #endif 
....................                      break; 
0169:  GOTO   17A
....................  
....................      #if defined(LCD_EXTENDED_NEWLINE) 
....................       case '\r'   :  lcd_gotoxy(1, g_LcdY+1);   break; 
....................       case '\n'   : 
....................          while (g_LcdX++ < LCD_LINE_LENGTH) 
....................          { 
....................             lcd_send_byte(1, ' '); 
....................          } 
....................          lcd_gotoxy(1, g_LcdY+2); 
....................          break; 
....................      #else 
....................       case '\n'   : lcd_gotoxy(1,2);        break; 
016A:  MOVLW  01
016B:  MOVWF  29
016C:  MOVLW  02
016D:  MOVWF  2A
016E:  CALL   13D
016F:  GOTO   17A
....................      #endif 
....................       
....................       case '\b'   : lcd_send_byte(0,0x10);  break; 
0170:  CLRF   2D
0171:  MOVLW  10
0172:  MOVWF  2E
0173:  CALL   099
0174:  GOTO   17A
....................       
....................      #if defined(LCD_EXTENDED_NEWLINE) 
....................       default     :  
....................          if (g_LcdX < LCD_LINE_LENGTH) 
....................          { 
....................             lcd_send_byte(1, c); 
....................             g_LcdX++; 
....................          } 
....................          break; 
....................      #else 
....................       default     : lcd_send_byte(1,c);     break; 
0175:  MOVLW  01
0176:  MOVWF  2D
0177:  MOVF   28,W
0178:  MOVWF  2E
0179:  CALL   099
....................      #endif 
....................    } 
017A:  RETURN
.................... } 
....................   
.................... char lcd_getc(unsigned int8 x, unsigned int8 y) 
.................... { 
....................    char value; 
....................  
....................    lcd_gotoxy(x,y); 
....................    while ( bit_test(lcd_read_byte(),7) ); // wait until busy flag is low 
....................    lcd_output_rs(1); 
....................    value = lcd_read_byte(); 
....................    lcd_output_rs(0); 
....................     
....................    return(value); 
.................... } 
....................  
.................... // write a custom character to the ram 
.................... // which is 0-7 and specifies which character array we are modifying. 
.................... // ptr points to an array of 8 bytes, where each byte is the next row of 
.................... //    pixels.  only bits 0-4 are used.  the last row is the cursor row, and 
.................... //    usually you will want to leave this byte 0x00. 
.................... void lcd_set_cgram_char(unsigned int8 which, unsigned int8 *ptr) 
.................... { 
....................    unsigned int i; 
....................  
....................    which <<= 3; 
....................    which &= 0x38; 
....................  
....................    lcd_send_byte(0, 0x40 | which);  //set cgram address 
....................  
....................    for(i=0; i<8; i++) 
....................    { 
....................       lcd_send_byte(1, *ptr++); 
....................    } 
....................    
....................    #if defined(LCD_EXTENDED_NEWLINE) 
....................     lcd_gotoxy(g_LcdX+1, g_LcdY+1);  //set ddram address 
....................    #endif 
.................... } 
....................  
.................... void lcd_cursor_on(int1 on) 
.................... { 
....................    if (on) 
....................    { 
....................       lcd_send_byte(0,0x0F);           //turn LCD cursor ON 
....................    } 
....................    else 
....................    { 
....................       lcd_send_byte(0,0x0C);           //turn LCD cursor OFF 
....................    } 
.................... } 
....................  
.................... #endif 
....................  
....................  
.................... CONST UNSIGNED CHAR MA7DOAN[10] = {0xC0,0xF9,0xA4,0xB0,0x99,0x92,0x82,0xF8,0x80,0x90}; // mang led 7 doan 
....................  
.................... UNSIGNED INT1 STATUS = 1; // ON/OFF 
....................  
.................... UNSIGNED INT S_SET = 00; 
.................... UNSIGNED INT S_DIS = 00; 
....................  
.................... VOID MAIN(){ 
*
021C:  MOVF   03,W
021D:  ANDLW  1F
021E:  MOVWF  03
021F:  BSF    20.0
0220:  CLRF   21
0221:  CLRF   22
0222:  MOVLW  FF
0223:  MOVWF  23
0224:  BSF    03.5
0225:  BSF    03.6
0226:  MOVF   09,W
0227:  ANDLW  C0
0228:  MOVWF  09
0229:  BCF    03.6
022A:  BCF    1F.4
022B:  BCF    1F.5
022C:  MOVLW  00
022D:  BSF    03.6
022E:  MOVWF  08
022F:  BCF    03.5
0230:  CLRF   07
0231:  CLRF   08
0232:  CLRF   09
0233:  BCF    03.7
....................    SET_TRIS_A(0X00); 
0234:  MOVLW  00
0235:  BSF    03.5
0236:  BCF    03.6
0237:  MOVWF  05
....................    SET_TRIS_B(0X00); 
0238:  MOVWF  06
....................    SET_TRIS_C(0X00); 
0239:  MOVWF  07
023A:  BCF    03.5
023B:  MOVWF  23
....................    SET_TRIS_D(0X00); 
023C:  BSF    03.5
023D:  MOVWF  08
....................    SET_TRIS_E(0XFF); 
023E:  BSF    09.0
023F:  BSF    09.1
0240:  BSF    09.2
0241:  BSF    09.3
....................  
....................     
....................     
....................    OUTPUT_B(0XFF); 
0242:  CLRF   06
0243:  MOVLW  FF
0244:  BCF    03.5
0245:  MOVWF  06
....................    OUTPUT_C(0XFF); 
0246:  MOVLW  00
0247:  MOVWF  23
0248:  BSF    03.5
0249:  CLRF   07
024A:  MOVLW  FF
024B:  BCF    03.5
024C:  MOVWF  07
....................     
....................    OUTPUT_LOW(PIN_A0); 
024D:  BSF    03.5
024E:  BCF    05.0
024F:  BCF    03.5
0250:  BCF    05.0
....................     
....................    LCD_INIT(); 
0251:  GOTO   0F7
....................     
....................    WHILE(TRUE){ 
....................       LCD_GOTOXY(1,1); 
0252:  MOVLW  01
0253:  MOVWF  29
0254:  MOVWF  2A
0255:  CALL   13D
....................       PRINTF(LCD_PUTC, "HIEN TAI:     %02U", S_SET); 
0256:  MOVLW  12
0257:  BSF    03.6
0258:  MOVWF  0D
0259:  MOVLW  00
025A:  MOVWF  0F
025B:  BCF    03.0
025C:  MOVLW  0E
025D:  BCF    03.6
025E:  MOVWF  24
025F:  CALL   17B
0260:  MOVF   21,W
0261:  MOVWF  24
0262:  MOVLW  01
0263:  MOVWF  25
0264:  CALL   1E7
....................       LCD_GOTOXY(1,2); 
0265:  MOVLW  01
0266:  MOVWF  29
0267:  MOVLW  02
0268:  MOVWF  2A
0269:  CALL   13D
....................       PRINTF(LCD_PUTC, "HIEN TAI:     %02U", S_DIS); 
026A:  MOVLW  1C
026B:  BSF    03.6
026C:  MOVWF  0D
026D:  MOVLW  00
026E:  MOVWF  0F
026F:  BCF    03.0
0270:  MOVLW  0E
0271:  BCF    03.6
0272:  MOVWF  24
0273:  CALL   17B
0274:  MOVF   22,W
0275:  MOVWF  24
0276:  MOVLW  01
0277:  MOVWF  25
0278:  CALL   1E7
....................     
....................       IF (!INPUT(ON_OFF)){ 
0279:  BSF    03.5
027A:  BSF    09.0
027B:  BCF    03.5
027C:  BTFSC  09.0
027D:  GOTO   28D
....................          DELAY_MS(20); 
027E:  MOVLW  14
027F:  MOVWF  29
0280:  CALL   026
....................          IF (!INPUT(ON_OFF)){ 
0281:  BSF    03.5
0282:  BSF    09.0
0283:  BCF    03.5
0284:  BTFSC  09.0
0285:  GOTO   28D
....................             STATUS = ~STATUS; 
0286:  MOVLW  01
0287:  XORWF  20,F
....................             WHILE(!INPUT(ON_OFF)); 
0288:  BSF    03.5
0289:  BSF    09.0
028A:  BCF    03.5
028B:  BTFSS  09.0
028C:  GOTO   288
....................          } 
....................       } 
....................        
....................       IF (STATUS){ 
028D:  BTFSS  20.0
028E:  GOTO   2C6
....................          IF (!INPUT(ADJ)){ 
028F:  BSF    03.5
0290:  BSF    09.1
0291:  BCF    03.5
0292:  BTFSC  09.1
0293:  GOTO   2C5
....................             DELAY_MS(20); 
0294:  MOVLW  14
0295:  MOVWF  29
0296:  CALL   026
....................             IF (!INPUT(ADJ)){ 
0297:  BSF    03.5
0298:  BSF    09.1
0299:  BCF    03.5
029A:  BTFSC  09.1
029B:  GOTO   2C5
....................                S_SET += 5; 
029C:  MOVLW  05
029D:  ADDWF  21,F
....................                IF (S_SET > 60) S_SET = 5; 
029E:  MOVF   21,W
029F:  SUBLW  3C
02A0:  BTFSC  03.0
02A1:  GOTO   2A4
02A2:  MOVLW  05
02A3:  MOVWF  21
....................                OUTPUT_B(MA7DOAN[S_SET/10]); 
02A4:  MOVF   21,W
02A5:  MOVWF  26
02A6:  MOVLW  0A
02A7:  MOVWF  27
02A8:  CALL   1D2
02A9:  MOVF   78,W
02AA:  CALL   004
02AB:  MOVWF  24
02AC:  BSF    03.5
02AD:  CLRF   06
02AE:  BCF    03.5
02AF:  MOVF   24,W
02B0:  MOVWF  06
....................                OUTPUT_C(MA7DOAN[S_SET%10]);  
02B1:  MOVF   21,W
02B2:  MOVWF  26
02B3:  MOVLW  0A
02B4:  MOVWF  27
02B5:  CALL   1D2
02B6:  MOVF   77,W
02B7:  CALL   004
02B8:  MOVWF  24
02B9:  MOVLW  00
02BA:  MOVWF  23
02BB:  BSF    03.5
02BC:  CLRF   07
02BD:  BCF    03.5
02BE:  MOVF   24,W
02BF:  MOVWF  07
....................                WHILE(!INPUT(ADJ)); 
02C0:  BSF    03.5
02C1:  BSF    09.1
02C2:  BCF    03.5
02C3:  BTFSS  09.1
02C4:  GOTO   2C0
....................             } 
....................          } 
....................       } ELSE{ 
02C5:  GOTO   2E9
....................          S_DIS++; 
02C6:  INCF   22,F
....................          DELAY_MS(1000); 
02C7:  MOVLW  04
02C8:  MOVWF  24
02C9:  MOVLW  FA
02CA:  MOVWF  29
02CB:  CALL   026
02CC:  DECFSZ 24,F
02CD:  GOTO   2C9
....................          IF (S_DIS > S_SET){ 
02CE:  MOVF   22,W
02CF:  SUBWF  21,W
02D0:  BTFSC  03.0
02D1:  GOTO   2E9
....................             S_DIS = 0; 
02D2:  CLRF   22
....................             OUTPUT_HIGH(PIN_A0); 
02D3:  BSF    03.5
02D4:  BCF    05.0
02D5:  BCF    03.5
02D6:  BSF    05.0
....................             DELAY_MS(500); 
02D7:  MOVLW  02
02D8:  MOVWF  24
02D9:  MOVLW  FA
02DA:  MOVWF  29
02DB:  CALL   026
02DC:  DECFSZ 24,F
02DD:  GOTO   2D9
....................             OUTPUT_LOW(PIN_A0); 
02DE:  BSF    03.5
02DF:  BCF    05.0
02E0:  BCF    03.5
02E1:  BCF    05.0
....................             DELAY_MS(500); 
02E2:  MOVLW  02
02E3:  MOVWF  24
02E4:  MOVLW  FA
02E5:  MOVWF  29
02E6:  CALL   026
02E7:  DECFSZ 24,F
02E8:  GOTO   2E4
....................          } 
....................       } 
02E9:  GOTO   252
....................    } 
.................... } 
02EA:  SLEEP

Configuration Fuses:
   Word  1: 2FE2   HS NOWDT PUT MCLR NOPROTECT NOCPD BROWNOUT IESO FCMEN NOLVP NODEBUG
   Word  2: 0700   BORV40 NOWRT
