CCS PCM C Compiler, Version 5.051, 43599               02-Apr-26 11:37

               Filename:   D:\VI-XU-LY\LCD\REVIEW_2\Review_2.lst

               ROM used:   193 words (2%)
                           Largest free fragment is 2048
               RAM used:   9 (2%) at main() level
                           11 (3%) worst case
               Stack used: 1 locations
               Stack size: 8

*
0000:  MOVLW  00
0001:  MOVWF  0A
0002:  GOTO   03B
0003:  NOP
.................... #INCLUDE <16F887.H> 
.................... //////////// Standard Header file for the PIC16F887 device //////////////// 
.................... /////////////////////////////////////////////////////////////////////////// 
.................... ////        (C) Copyright 1996, 2014 Custom Computer Services          //// 
.................... //// This source code may only be used by licensed users of the CCS C  //// 
.................... //// compiler.  This source code may only be distributed to other      //// 
.................... //// licensed users of the CCS C compiler.  No other use, reproduction //// 
.................... //// or distribution is permitted without written permission.          //// 
.................... //// Derivative programs created using this software in object code    //// 
.................... //// form are not restricted in any way.                               //// 
.................... /////////////////////////////////////////////////////////////////////////// 
.................... #device PIC16F887 
0004:  BCF    0A.0
0005:  BCF    0A.1
0006:  BCF    0A.2
0007:  ADDWF  02,F
0008:  RETLW  C0
0009:  RETLW  F9
000A:  RETLW  A4
000B:  RETLW  B0
000C:  RETLW  99
000D:  RETLW  92
000E:  RETLW  82
000F:  RETLW  F8
0010:  RETLW  80
0011:  RETLW  90
0012:  MOVF   24,W
0013:  CLRF   78
0014:  SUBWF  23,W
0015:  BTFSC  03.0
0016:  GOTO   01A
0017:  MOVF   23,W
0018:  MOVWF  77
0019:  GOTO   026
001A:  CLRF   77
001B:  MOVLW  08
001C:  MOVWF  25
001D:  RLF    23,F
001E:  RLF    77,F
001F:  MOVF   24,W
0020:  SUBWF  77,W
0021:  BTFSC  03.0
0022:  MOVWF  77
0023:  RLF    78,F
0024:  DECFSZ 25,F
0025:  GOTO   01D
0026:  RETURN
....................  
.................... #list 
....................  
.................... #FUSES HS, PUT, NOWDT, NOLVP, NOPROTECT 
.................... #USE DELAY(CLOCK=20M) 
0027:  MOVLW  24
0028:  MOVWF  04
0029:  BCF    03.7
002A:  MOVF   00,W
002B:  BTFSC  03.2
002C:  GOTO   03A
002D:  MOVLW  06
002E:  MOVWF  78
002F:  CLRF   77
0030:  DECFSZ 77,F
0031:  GOTO   030
0032:  DECFSZ 78,F
0033:  GOTO   02F
0034:  MOVLW  7B
0035:  MOVWF  77
0036:  DECFSZ 77,F
0037:  GOTO   036
0038:  DECFSZ 00,F
0039:  GOTO   02D
003A:  RETURN
....................  
.................... #define START        PIN_E0 
.................... #define STOP         PIN_E1 
....................  
.................... CONST UNSIGNED CHAR MA7DOAN[10] = {0xC0,0xF9,0xA4,0xB0,0x99,0x92,0x82,0xF8,0x80,0x90}; // mang led 7 doan 
....................  
.................... UNSIGNED INT1 STATUS = 1; 
.................... UNSIGNED INT8 SECOND = 0; 
....................  
.................... VOID MAIN(){ 
003B:  MOVF   03,W
003C:  ANDLW  1F
003D:  MOVWF  03
003E:  BSF    20.0
003F:  CLRF   21
0040:  MOVLW  FF
0041:  MOVWF  22
0042:  BSF    03.5
0043:  BSF    03.6
0044:  MOVF   09,W
0045:  ANDLW  C0
0046:  MOVWF  09
0047:  BCF    03.6
0048:  BCF    1F.4
0049:  BCF    1F.5
004A:  MOVLW  00
004B:  BSF    03.6
004C:  MOVWF  08
004D:  BCF    03.5
004E:  CLRF   07
004F:  CLRF   08
0050:  CLRF   09
0051:  BCF    03.7
....................    SET_TRIS_B(0X00); 
0052:  MOVLW  00
0053:  BSF    03.5
0054:  BCF    03.6
0055:  MOVWF  06
....................    SET_TRIS_C(0X00); 
0056:  MOVWF  07
0057:  BCF    03.5
0058:  MOVWF  22
....................    SET_TRIS_E(0XFF); 
0059:  BSF    03.5
005A:  BSF    09.0
005B:  BSF    09.1
005C:  BSF    09.2
005D:  BSF    09.3
....................  
....................    OUTPUT_B(MA7DOAN[0]); 
005E:  CLRF   06
005F:  MOVLW  C0
0060:  BCF    03.5
0061:  MOVWF  06
....................    OUTPUT_C(MA7DOAN[0]); 
0062:  MOVLW  00
0063:  MOVWF  22
0064:  BSF    03.5
0065:  CLRF   07
0066:  MOVLW  C0
0067:  BCF    03.5
0068:  MOVWF  07
....................    STATUS = 0; 
0069:  BCF    20.0
....................     
....................    WHILE(TRUE){ 
....................       OUTPUT_B(MA7DOAN[SECOND/10]); 
006A:  MOVF   21,W
006B:  MOVWF  23
006C:  MOVLW  0A
006D:  MOVWF  24
006E:  CALL   012
006F:  MOVF   78,W
0070:  CALL   004
0071:  MOVWF  23
0072:  BSF    03.5
0073:  CLRF   06
0074:  BCF    03.5
0075:  MOVF   23,W
0076:  MOVWF  06
....................       OUTPUT_C(MA7DOAN[SECOND%10]); 
0077:  MOVF   21,W
0078:  MOVWF  23
0079:  MOVLW  0A
007A:  MOVWF  24
007B:  CALL   012
007C:  MOVF   77,W
007D:  CALL   004
007E:  MOVWF  23
007F:  MOVLW  00
0080:  MOVWF  22
0081:  BSF    03.5
0082:  CLRF   07
0083:  BCF    03.5
0084:  MOVF   23,W
0085:  MOVWF  07
....................       DELAY_MS(500); 
0086:  MOVLW  02
0087:  MOVWF  23
0088:  MOVLW  FA
0089:  MOVWF  24
008A:  CALL   027
008B:  DECFSZ 23,F
008C:  GOTO   088
....................                 
....................       IF (!INPUT(START)){ 
008D:  BSF    03.5
008E:  BSF    09.0
008F:  BCF    03.5
0090:  BTFSC  09.0
0091:  GOTO   0A0
....................          DELAY_MS(20); 
0092:  MOVLW  14
0093:  MOVWF  24
0094:  CALL   027
....................          IF (!INPUT(START)){ 
0095:  BSF    03.5
0096:  BSF    09.0
0097:  BCF    03.5
0098:  BTFSC  09.0
0099:  GOTO   0A0
....................             STATUS = 0; 
009A:  BCF    20.0
....................             WHILE(!INPUT(START)); 
009B:  BSF    03.5
009C:  BSF    09.0
009D:  BCF    03.5
009E:  BTFSS  09.0
009F:  GOTO   09B
....................          } 
....................       } 
....................        
....................       IF (!INPUT(STOP)){ 
00A0:  BSF    03.5
00A1:  BSF    09.1
00A2:  BCF    03.5
00A3:  BTFSC  09.1
00A4:  GOTO   0B3
....................          DELAY_MS(20); 
00A5:  MOVLW  14
00A6:  MOVWF  24
00A7:  CALL   027
....................          IF(!INPUT(STOP)){ 
00A8:  BSF    03.5
00A9:  BSF    09.1
00AA:  BCF    03.5
00AB:  BTFSC  09.1
00AC:  GOTO   0B3
....................             STATUS = 1; 
00AD:  BSF    20.0
....................             WHILE(!INPUT(STOP)); 
00AE:  BSF    03.5
00AF:  BSF    09.1
00B0:  BCF    03.5
00B1:  BTFSS  09.1
00B2:  GOTO   0AE
....................          } 
....................        
....................       } 
....................        
....................       IF (!STATUS){ 
00B3:  BTFSC  20.0
00B4:  GOTO   0BD
....................          SECOND++; 
00B5:  INCF   21,F
....................          IF (SECOND > 99) SECOND = 1; 
00B6:  MOVF   21,W
00B7:  SUBLW  63
00B8:  BTFSC  03.0
00B9:  GOTO   0BC
00BA:  MOVLW  01
00BB:  MOVWF  21
....................       } ELSE { 
00BC:  GOTO   0BF
....................          WHILE(INPUT(START==1)); 
00BD:  BTFSC  00.0
00BE:  GOTO   0BD
....................       } 
00BF:  GOTO   06A
....................        
....................    } 
.................... } 
00C0:  SLEEP

Configuration Fuses:
   Word  1: 2FE2   HS NOWDT PUT MCLR NOPROTECT NOCPD BROWNOUT IESO FCMEN NOLVP NODEBUG
   Word  2: 0700   BORV40 NOWRT
